Archive member included to satisfy reference by file (symbol)

/home/programs/SW4_stm32/plugins/fr.ac6.mcu.externaltools.arm-none.linux64_1.15.0.201708311556/tools/compiler/bin/../lib/gcc/arm-none-eabi/6.3.1/thumb/v7e-m/fpv4-sp/hard/libgcc.a(_arm_addsubdf3.o)
                              App/Testbed.o (__aeabi_i2d)
/home/programs/SW4_stm32/plugins/fr.ac6.mcu.externaltools.arm-none.linux64_1.15.0.201708311556/tools/compiler/bin/../lib/gcc/arm-none-eabi/6.3.1/thumb/v7e-m/fpv4-sp/hard/libgcc.a(_arm_muldivdf3.o)
                              App/Testbed.o (__aeabi_ddiv)
/home/programs/SW4_stm32/plugins/fr.ac6.mcu.externaltools.arm-none.linux64_1.15.0.201708311556/tools/compiler/bin/../lib/gcc/arm-none-eabi/6.3.1/thumb/v7e-m/fpv4-sp/hard/libgcc.a(_aeabi_uldivmod.o)
                              Drivers/STM32F4xx_HAL_Driver/Src/stm32f4xx_hal_rcc.o (__aeabi_uldivmod)
/home/programs/SW4_stm32/plugins/fr.ac6.mcu.externaltools.arm-none.linux64_1.15.0.201708311556/tools/compiler/bin/../lib/gcc/arm-none-eabi/6.3.1/thumb/v7e-m/fpv4-sp/hard/libgcc.a(_udivmoddi4.o)
                              /home/programs/SW4_stm32/plugins/fr.ac6.mcu.externaltools.arm-none.linux64_1.15.0.201708311556/tools/compiler/bin/../lib/gcc/arm-none-eabi/6.3.1/thumb/v7e-m/fpv4-sp/hard/libgcc.a(_aeabi_uldivmod.o) (__udivmoddi4)
/home/programs/SW4_stm32/plugins/fr.ac6.mcu.externaltools.arm-none.linux64_1.15.0.201708311556/tools/compiler/bin/../lib/gcc/arm-none-eabi/6.3.1/thumb/v7e-m/fpv4-sp/hard/libgcc.a(_dvmd_tls.o)
                              /home/programs/SW4_stm32/plugins/fr.ac6.mcu.externaltools.arm-none.linux64_1.15.0.201708311556/tools/compiler/bin/../lib/gcc/arm-none-eabi/6.3.1/thumb/v7e-m/fpv4-sp/hard/libgcc.a(_aeabi_uldivmod.o) (__aeabi_ldiv0)
/home/programs/SW4_stm32/plugins/fr.ac6.mcu.externaltools.arm-none.linux64_1.15.0.201708311556/tools/compiler/bin/../lib/gcc/arm-none-eabi/6.3.1/../../../../arm-none-eabi/lib/thumb/v7e-m/fpv4-sp/hard/libc_nano.a(lib_a-exit.o)
                              /home/programs/SW4_stm32/plugins/fr.ac6.mcu.externaltools.arm-none.linux64_1.15.0.201708311556/tools/compiler/bin/../lib/gcc/arm-none-eabi/6.3.1/../../../../arm-none-eabi/lib/thumb/v7e-m/fpv4-sp/hard/crt0.o (exit)
/home/programs/SW4_stm32/plugins/fr.ac6.mcu.externaltools.arm-none.linux64_1.15.0.201708311556/tools/compiler/bin/../lib/gcc/arm-none-eabi/6.3.1/../../../../arm-none-eabi/lib/thumb/v7e-m/fpv4-sp/hard/libc_nano.a(lib_a-impure.o)
                              /home/programs/SW4_stm32/plugins/fr.ac6.mcu.externaltools.arm-none.linux64_1.15.0.201708311556/tools/compiler/bin/../lib/gcc/arm-none-eabi/6.3.1/../../../../arm-none-eabi/lib/thumb/v7e-m/fpv4-sp/hard/libc_nano.a(lib_a-exit.o) (_global_impure_ptr)
/home/programs/SW4_stm32/plugins/fr.ac6.mcu.externaltools.arm-none.linux64_1.15.0.201708311556/tools/compiler/bin/../lib/gcc/arm-none-eabi/6.3.1/../../../../arm-none-eabi/lib/thumb/v7e-m/fpv4-sp/hard/libc_nano.a(lib_a-init.o)
                              /home/programs/SW4_stm32/plugins/fr.ac6.mcu.externaltools.arm-none.linux64_1.15.0.201708311556/tools/compiler/bin/../lib/gcc/arm-none-eabi/6.3.1/../../../../arm-none-eabi/lib/thumb/v7e-m/fpv4-sp/hard/crt0.o (__libc_init_array)
/home/programs/SW4_stm32/plugins/fr.ac6.mcu.externaltools.arm-none.linux64_1.15.0.201708311556/tools/compiler/bin/../lib/gcc/arm-none-eabi/6.3.1/../../../../arm-none-eabi/lib/thumb/v7e-m/fpv4-sp/hard/libc_nano.a(lib_a-malloc.o)
                              Middlewares/ST/STM32_USB_Device_Library/Class/CDC/Src/usbd_cdc.o (malloc)
/home/programs/SW4_stm32/plugins/fr.ac6.mcu.externaltools.arm-none.linux64_1.15.0.201708311556/tools/compiler/bin/../lib/gcc/arm-none-eabi/6.3.1/../../../../arm-none-eabi/lib/thumb/v7e-m/fpv4-sp/hard/libc_nano.a(lib_a-memcpy-stub.o)
                              App/GSBP_Basic.o (memcpy)
/home/programs/SW4_stm32/plugins/fr.ac6.mcu.externaltools.arm-none.linux64_1.15.0.201708311556/tools/compiler/bin/../lib/gcc/arm-none-eabi/6.3.1/../../../../arm-none-eabi/lib/thumb/v7e-m/fpv4-sp/hard/libc_nano.a(lib_a-memset.o)
                              /home/programs/SW4_stm32/plugins/fr.ac6.mcu.externaltools.arm-none.linux64_1.15.0.201708311556/tools/compiler/bin/../lib/gcc/arm-none-eabi/6.3.1/../../../../arm-none-eabi/lib/thumb/v7e-m/fpv4-sp/hard/crt0.o (memset)
/home/programs/SW4_stm32/plugins/fr.ac6.mcu.externaltools.arm-none.linux64_1.15.0.201708311556/tools/compiler/bin/../lib/gcc/arm-none-eabi/6.3.1/../../../../arm-none-eabi/lib/thumb/v7e-m/fpv4-sp/hard/libc_nano.a(lib_a-nano-freer.o)
                              /home/programs/SW4_stm32/plugins/fr.ac6.mcu.externaltools.arm-none.linux64_1.15.0.201708311556/tools/compiler/bin/../lib/gcc/arm-none-eabi/6.3.1/../../../../arm-none-eabi/lib/thumb/v7e-m/fpv4-sp/hard/libc_nano.a(lib_a-malloc.o) (_free_r)
[...]
Memory Configuration

Name             Origin             Length             Attributes
RAM              0x0000000020000000 0x0000000000040000 xrw
FLASH            0x0000000008000000 0x0000000000080000 xr
*default*        0x0000000000000000 0xffffffffffffffff

Linker script and memory map

LOAD /home/programs/SW4_stm32/plugins/fr.ac6.mcu.externaltools.arm-none.linux64_1.15.0.201708311556/tools/compiler/bin/../lib/gcc/arm-none-eabi/6.3.1/thumb/v7e-m/fpv4-sp/hard/crti.o
LOAD /home/programs/SW4_stm32/plugins/fr.ac6.mcu.externaltools.arm-none.linux64_1.15.0.201708311556/tools/compiler/bin/../lib/gcc/arm-none-eabi/6.3.1/thumb/v7e-m/fpv4-sp/hard/crtbegin.o
LOAD /home/programs/SW4_stm32/plugins/fr.ac6.mcu.externaltools.arm-none.linux64_1.15.0.201708311556/tools/compiler/bin/../lib/gcc/arm-none-eabi/6.3.1/../../../../arm-none-eabi/lib/thumb/v7e-m/fpv4-sp/hard/crt0.o
LOAD App/GSBP_Basic.o
LOAD App/GSBP_Basic_Config.o
LOAD App/MAX1119x.o
LOAD App/MCU_StateMachine.o
LOAD App/TCA9535.o
LOAD App/Testbed.o
LOAD Drivers/STM32F4xx_HAL_Driver/Src/stm32f4xx_hal.o
LOAD Drivers/STM32F4xx_HAL_Driver/Src/stm32f4xx_hal_cortex.o
LOAD Drivers/STM32F4xx_HAL_Driver/Src/stm32f4xx_hal_dma.o
LOAD Drivers/STM32F4xx_HAL_Driver/Src/stm32f4xx_hal_dma_ex.o
LOAD Drivers/STM32F4xx_HAL_Driver/Src/stm32f4xx_hal_flash.o
LOAD Drivers/STM32F4xx_HAL_Driver/Src/stm32f4xx_hal_flash_ex.o
LOAD Drivers/STM32F4xx_HAL_Driver/Src/stm32f4xx_hal_flash_ramfunc.o
LOAD Drivers/STM32F4xx_HAL_Driver/Src/stm32f4xx_hal_gpio.o
LOAD Drivers/STM32F4xx_HAL_Driver/Src/stm32f4xx_hal_i2c.o
LOAD Drivers/STM32F4xx_HAL_Driver/Src/stm32f4xx_hal_i2c_ex.o
LOAD Drivers/STM32F4xx_HAL_Driver/Src/stm32f4xx_hal_pcd.o
LOAD Drivers/STM32F4xx_HAL_Driver/Src/stm32f4xx_hal_pcd_ex.o
LOAD Drivers/STM32F4xx_HAL_Driver/Src/stm32f4xx_hal_pwr.o
LOAD Drivers/STM32F4xx_HAL_Driver/Src/stm32f4xx_hal_pwr_ex.o
LOAD Drivers/STM32F4xx_HAL_Driver/Src/stm32f4xx_hal_rcc.o
LOAD Drivers/STM32F4xx_HAL_Driver/Src/stm32f4xx_hal_rcc_ex.o
LOAD Drivers/STM32F4xx_HAL_Driver/Src/stm32f4xx_hal_spi.o
LOAD Drivers/STM32F4xx_HAL_Driver/Src/stm32f4xx_hal_tim.o
LOAD Drivers/STM32F4xx_HAL_Driver/Src/stm32f4xx_hal_tim_ex.o
LOAD Drivers/STM32F4xx_HAL_Driver/Src/stm32f4xx_hal_uart.o
LOAD Drivers/STM32F4xx_HAL_Driver/Src/stm32f4xx_ll_usb.o
LOAD Middlewares/ST/STM32_USB_Device_Library/Class/CDC/Src/usbd_cdc.o
LOAD Middlewares/ST/STM32_USB_Device_Library/Core/Src/usbd_core.o
LOAD Middlewares/ST/STM32_USB_Device_Library/Core/Src/usbd_ctlreq.o
LOAD Middlewares/ST/STM32_USB_Device_Library/Core/Src/usbd_ioreq.o
LOAD Src/dma.o
LOAD Src/gpio.o
LOAD Src/i2c.o
LOAD Src/main.o
LOAD Src/spi.o
LOAD Src/stm32f4xx_hal_msp.o
LOAD Src/stm32f4xx_it.o
LOAD Src/system_stm32f4xx.o
LOAD Src/tim.o
LOAD Src/usart.o
LOAD Src/usb_device.o
LOAD Src/usbd_cdc_if.o
LOAD Src/usbd_conf.o
LOAD Src/usbd_desc.o
LOAD startup/startup_stm32f412rx.o
LOAD /home/programs/SW4_stm32/plugins/fr.ac6.mcu.externaltools.arm-none.linux64_1.15.0.201708311556/tools/compiler/bin/../lib/gcc/arm-none-eabi/6.3.1/../../../../arm-none-eabi/lib/thumb/v7e-m/fpv4-sp/hard/libm.a
START GROUP
LOAD /home/programs/SW4_stm32/plugins/fr.ac6.mcu.externaltools.arm-none.linux64_1.15.0.201708311556/tools/compiler/bin/../lib/gcc/arm-none-eabi/6.3.1/thumb/v7e-m/fpv4-sp/hard/libgcc.a
LOAD /home/programs/SW4_stm32/plugins/fr.ac6.mcu.externaltools.arm-none.linux64_1.15.0.201708311556/tools/compiler/bin/../lib/gcc/arm-none-eabi/6.3.1/../../../../arm-none-eabi/lib/thumb/v7e-m/fpv4-sp/hard/libc_nano.a
END GROUP
START GROUP
LOAD /home/programs/SW4_stm32/plugins/fr.ac6.mcu.externaltools.arm-none.linux64_1.15.0.201708311556/tools/compiler/bin/../lib/gcc/arm-none-eabi/6.3.1/thumb/v7e-m/fpv4-sp/hard/libgcc.a
LOAD /home/programs/SW4_stm32/plugins/fr.ac6.mcu.externaltools.arm-none.linux64_1.15.0.201708311556/tools/compiler/bin/../lib/gcc/arm-none-eabi/6.3.1/../../../../arm-none-eabi/lib/thumb/v7e-m/fpv4-sp/hard/libc_nano.a
LOAD /home/programs/SW4_stm32/plugins/fr.ac6.mcu.externaltools.arm-none.linux64_1.15.0.201708311556/tools/compiler/bin/../lib/gcc/arm-none-eabi/6.3.1/../../../../arm-none-eabi/lib/thumb/v7e-m/fpv4-sp/hard/libnosys.a
END GROUP
START GROUP
LOAD /home/programs/SW4_stm32/plugins/fr.ac6.mcu.externaltools.arm-none.linux64_1.15.0.201708311556/tools/compiler/bin/../lib/gcc/arm-none-eabi/6.3.1/thumb/v7e-m/fpv4-sp/hard/libgcc.a
LOAD /home/programs/SW4_stm32/plugins/fr.ac6.mcu.externaltools.arm-none.linux64_1.15.0.201708311556/tools/compiler/bin/../lib/gcc/arm-none-eabi/6.3.1/../../../../arm-none-eabi/lib/thumb/v7e-m/fpv4-sp/hard/libc_nano.a
LOAD /home/programs/SW4_stm32/plugins/fr.ac6.mcu.externaltools.arm-none.linux64_1.15.0.201708311556/tools/compiler/bin/../lib/gcc/arm-none-eabi/6.3.1/../../../../arm-none-eabi/lib/thumb/v7e-m/fpv4-sp/hard/libnosys.a
END GROUP
LOAD /home/programs/SW4_stm32/plugins/fr.ac6.mcu.externaltools.arm-none.linux64_1.15.0.201708311556/tools/compiler/bin/../lib/gcc/arm-none-eabi/6.3.1/thumb/v7e-m/fpv4-sp/hard/crtend.o
LOAD /home/programs/SW4_stm32/plugins/fr.ac6.mcu.externaltools.arm-none.linux64_1.15.0.201708311556/tools/compiler/bin/../lib/gcc/arm-none-eabi/6.3.1/thumb/v7e-m/fpv4-sp/hard/crtn.o
                0x0000000020040000                _estack = 0x20040000
                0x0000000000000200                _Min_Heap_Size = 0x200
                0x0000000000000400                _Min_Stack_Size = 0x400

.isr_vector     0x0000000008000000      0x1c4
                0x0000000008000000                . = ALIGN (0x4)
 *(.isr_vector)
 .isr_vector    0x0000000008000000      0x1c4 startup/startup_stm32f412rx.o
                0x0000000008000000                g_pfnVectors
                0x00000000080001c4                . = ALIGN (0x4)

.text           0x00000000080001d0     0x9198
                0x00000000080001d0                . = ALIGN (0x4)
 *(.text)
 .text          0x00000000080001d0       0x6c /home/programs/SW4_stm32/plugins/fr.ac6.mcu.externaltools.arm-none.linux64_1.15.0.201708311556/tools/compiler/bin/../lib/gcc/arm-none-eabi/6.3.1/thumb/v7e-m/fpv4-sp/hard/crtbegin.o
 .text          0x000000000800023c      0x370 /home/programs/SW4_stm32/plugins/fr.ac6.mcu.externaltools.arm-none.linux64_1.15.0.201708311556/tools/compiler/bin/../lib/gcc/arm-none-eabi/6.3.1/thumb/v7e-m/fpv4-sp/hard/libgcc.a(_arm_addsubdf3.o)
                0x000000000800023c                __aeabi_drsub
                0x0000000008000244                __aeabi_dsub
                0x0000000008000244                __subdf3
                0x0000000008000248                __adddf3
                0x0000000008000248                __aeabi_dadd
                0x00000000080004c0                __aeabi_ui2d
                0x00000000080004c0                __floatunsidf
                0x00000000080004e0                __floatsidf
                0x00000000080004e0                __aeabi_i2d
                0x0000000008000504                __extendsfdf2
                0x0000000008000504                __aeabi_f2d
                0x0000000008000540                __aeabi_ul2d
                0x0000000008000540                __floatundidf
                0x0000000008000550                __floatdidf
                0x0000000008000550                __aeabi_l2d
 .text          0x00000000080005ac      0x424 /home/programs/SW4_stm32/plugins/fr.ac6.mcu.externaltools.arm-none.linux64_1.15.0.201708311556/tools/compiler/bin/../lib/gcc/arm-none-eabi/6.3.1/thumb/v7e-m/fpv4-sp/hard/libgcc.a(_arm_muldivdf3.o)
                0x00000000080005ac                __aeabi_dmul
                0x00000000080005ac                __muldf3
                0x0000000008000800                __aeabi_ddiv
                0x0000000008000800                __divdf3
 .text          0x00000000080009d0       0x30 /home/programs/SW4_stm32/plugins/fr.ac6.mcu.externaltools.arm-none.linux64_1.15.0.201708311556/tools/compiler/bin/../lib/gcc/arm-none-eabi/6.3.1/thumb/v7e-m/fpv4-sp/hard/libgcc.a(_aeabi_uldivmod.o)
                0x00000000080009d0                __aeabi_uldivmod
 .text          0x0000000008000a00      0x2dc /home/programs/SW4_stm32/plugins/fr.ac6.mcu.externaltools.arm-none.linux64_1.15.0.201708311556/tools/compiler/bin/../lib/gcc/arm-none-eabi/6.3.1/thumb/v7e-m/fpv4-sp/hard/libgcc.a(_udivmoddi4.o)
                0x0000000008000a00                __udivmoddi4
 .text          0x0000000008000cdc        0x4 /home/programs/SW4_stm32/plugins/fr.ac6.mcu.externaltools.arm-none.linux64_1.15.0.201708311556/tools/compiler/bin/../lib/gcc/arm-none-eabi/6.3.1/thumb/v7e-m/fpv4-sp/hard/libgcc.a(_dvmd_tls.o)
                0x0000000008000cdc                __aeabi_ldiv0
                0x0000000008000cdc                __aeabi_idiv0
 .text          0x0000000008000ce0       0x10 /home/programs/SW4_stm32/plugins/fr.ac6.mcu.externaltools.arm-none.linux64_1.15.0.201708311556/tools/compiler/bin/../lib/gcc/arm-none-eabi/6.3.1/../../../../arm-none-eabi/lib/thumb/v7e-m/fpv4-sp/hard/libc_nano.a(lib_a-strlen.o)
                0x0000000008000ce0                strlen
 .text          0x0000000008000cf0       0xa0 /home/programs/SW4_stm32/plugins/fr.ac6.mcu.externaltools.arm-none.linux64_1.15.0.201708311556/tools/compiler/bin/../lib/gcc/arm-none-eabi/6.3.1/../../../../arm-none-eabi/lib/thumb/v7e-m/fpv4-sp/hard/libc_nano.a(lib_a-memchr.o)
                0x0000000008000cf0                memchr
 *(.text*)
 .text.GSBP_SendPackage.part.2
                0x0000000008000d90      0x228 App/GSBP_Basic.o
 .text.GSBP_InitHandle
                0x0000000008000fb8       0x5c App/GSBP_Basic.o
                0x0000000008000fb8                GSBP_InitHandle
 .text.GSBP_SaveBuffer
                0x0000000008001014       0x48 App/GSBP_Basic.o
                0x0000000008001014                GSBP_SaveBuffer
 .text.GSBP_SendPackage
                0x000000000800105c      0x244 App/GSBP_Basic.o
                0x000000000800105c                GSBP_SendPackage
 .text.GSBP_SendStatus
                0x00000000080012a0       0x7c App/GSBP_Basic.o
                0x00000000080012a0                GSBP_SendStatus
 .text.GSBP_SendDebugPackage
                0x000000000800131c      0x290 App/GSBP_Basic.o
                0x000000000800131c                GSBP_SendDebugPackage
 .text.GSBP_SendErrorParMsg
                0x00000000080015ac      0x148 App/GSBP_Basic.o
                0x00000000080015ac                GSBP_SendErrorParMsg
 .text.GSBP_ReSendPackage
                0x00000000080016f4       0x2c App/GSBP_Basic.o
                0x00000000080016f4                GSBP_ReSendPackage
 .text.GSBP_BuildPackageCallback
                0x0000000008001720        0x4 App/GSBP_Basic.o
                0x0000000008001720                GSBP_BuildPackageCallback
 .text.GSBP_BuildPackage
                0x0000000008001724      0x2e4 App/GSBP_Basic.o
                0x0000000008001724                GSBP_BuildPackage
 .text.GSBP_GetPackageNumber
                0x0000000008001a08       0x14 App/GSBP_Basic.o
                0x0000000008001a08                GSBP_GetPackageNumber
 .text.GSBP_GetHeaderChecksum
                0x0000000008001a1c       0x14 App/GSBP_Basic.o
                0x0000000008001a1c                GSBP_GetHeaderChecksum
 .text.GSBP_Init
                0x0000000008001a30       0x40 App/GSBP_Basic_Config.o
                0x0000000008001a30                GSBP_Init
 .text.GSBP_EvaluatePackage
                0x0000000008001a70      0x178 App/GSBP_Basic_Config.o
                0x0000000008001a70                GSBP_EvaluatePackage
 .text.max1119x_updateAdcData_streamLowResWithStim.part.2
                0x0000000008001be8      0x4cc App/MAX1119x.o
 .text.max1119x_startMeasurment
                0x00000000080020b4       0x1c App/MAX1119x.o
                0x00000000080020b4                max1119x_startMeasurment
 .text.max1119x_stopMeasurment
                0x00000000080020d0       0x1c App/MAX1119x.o
                0x00000000080020d0                max1119x_stopMeasurment
 .text.max1119x_deinitDevice
                0x00000000080020ec       0x40 App/MAX1119x.o
                0x00000000080020ec                max1119x_deinitDevice
 .text.HAL_SPI_RxHalfCpltCallback
                0x000000000800212c      0x328 App/MAX1119x.o
                0x000000000800212c                HAL_SPI_RxHalfCpltCallback
 .text.HAL_SPI_RxCpltCallback
                0x0000000008002454      0x338 App/MAX1119x.o
                0x0000000008002454                HAL_SPI_RxCpltCallback
 .text.max1119x_TIM_Init
                0x000000000800278c      0x140 App/MAX1119x.o
                0x000000000800278c                max1119x_TIM_Init
 .text.max1119x_initDevice
                0x00000000080028cc      0x148 App/MAX1119x.o
                0x00000000080028cc                max1119x_initDevice
 .text.MCU_StateChange
                0x0000000008002a14      0x15c App/MCU_StateMachine.o
                0x0000000008002a14                MCU_StateChange
 .text.MCU_LowFrequencyTimerCallback
                0x0000000008002b70       0x78 App/MCU_StateMachine.o
                0x0000000008002b70                MCU_LowFrequencyTimerCallback
 .text.tca9535_init_device
                0x0000000008002be8       0x78 App/TCA9535.o
                0x0000000008002be8                tca9535_init_device
 .text.testbed_init
                0x0000000008002c60      0x120 App/Testbed.o
                0x0000000008002c60                testbed_init
 .text.testbed_sendAdcData_realData
                0x0000000008002d80      0x23c App/Testbed.o
                0x0000000008002d80                testbed_sendAdcData_realData
 .text.testbed_sendAdcData_keepAlive
                0x0000000008002fbc       0x64 App/Testbed.o
                0x0000000008002fbc                testbed_sendAdcData_keepAlive
 .text.testbed_deInit
                0x0000000008003020       0x18 App/Testbed.o
                0x0000000008003020                testbed_deInit
 .text.HAL_InitTick
                0x0000000008003038       0x44 Drivers/STM32F4xx_HAL_Driver/Src/stm32f4xx_hal.o
                0x0000000008003038                HAL_InitTick
 .text.HAL_Init
                0x000000000800307c       0x34 Drivers/STM32F4xx_HAL_Driver/Src/stm32f4xx_hal.o
                0x000000000800307c                HAL_Init
 .text.HAL_IncTick
                0x00000000080030b0       0x18 Drivers/STM32F4xx_HAL_Driver/Src/stm32f4xx_hal.o
                0x00000000080030b0                HAL_IncTick
 .text.HAL_GetTick
                0x00000000080030c8        0xc Drivers/STM32F4xx_HAL_Driver/Src/stm32f4xx_hal.o
                0x00000000080030c8                HAL_GetTick
 .text.HAL_Delay
                0x00000000080030d4       0x24 Drivers/STM32F4xx_HAL_Driver/Src/stm32f4xx_hal.o
                0x00000000080030d4                HAL_Delay
 .text.HAL_NVIC_SetPriorityGrouping
                0x00000000080030f8       0x24 Drivers/STM32F4xx_HAL_Driver/Src/stm32f4xx_hal_cortex.o
                0x00000000080030f8                HAL_NVIC_SetPriorityGrouping
 .text.HAL_NVIC_SetPriority
                0x000000000800311c       0x6c Drivers/STM32F4xx_HAL_Driver/Src/stm32f4xx_hal_cortex.o
                0x000000000800311c                HAL_NVIC_SetPriority
 .text.HAL_NVIC_EnableIRQ
                0x0000000008003188       0x18 Drivers/STM32F4xx_HAL_Driver/Src/stm32f4xx_hal_cortex.o
                0x0000000008003188                HAL_NVIC_EnableIRQ
 .text.HAL_SYSTICK_Config
                0x00000000080031a0       0x34 Drivers/STM32F4xx_HAL_Driver/Src/stm32f4xx_hal_cortex.o
                0x00000000080031a0                HAL_SYSTICK_Config
 .text.HAL_SYSTICK_CLKSourceConfig
                0x00000000080031d4       0x18 Drivers/STM32F4xx_HAL_Driver/Src/stm32f4xx_hal_cortex.o
                0x00000000080031d4                HAL_SYSTICK_CLKSourceConfig
 .text.HAL_SYSTICK_Callback
                0x00000000080031ec        0x4 Drivers/STM32F4xx_HAL_Driver/Src/stm32f4xx_hal_cortex.o
                0x00000000080031ec                HAL_SYSTICK_Callback
 .text.HAL_SYSTICK_IRQHandler
                0x00000000080031f0        0x8 Drivers/STM32F4xx_HAL_Driver/Src/stm32f4xx_hal_cortex.o
                0x00000000080031f0                HAL_SYSTICK_IRQHandler
 .text.HAL_DMA_Init
                0x00000000080031f8      0x134 Drivers/STM32F4xx_HAL_Driver/Src/stm32f4xx_hal_dma.o
                0x00000000080031f8                HAL_DMA_Init
 .text.HAL_DMA_DeInit
                0x000000000800332c       0x78 Drivers/STM32F4xx_HAL_Driver/Src/stm32f4xx_hal_dma.o
                0x000000000800332c                HAL_DMA_DeInit
 .text.HAL_DMA_Start
                0x00000000080033a4       0x5c Drivers/STM32F4xx_HAL_Driver/Src/stm32f4xx_hal_dma.o
                0x00000000080033a4                HAL_DMA_Start
 .text.HAL_DMA_Start_IT
                0x0000000008003400       0x84 Drivers/STM32F4xx_HAL_Driver/Src/stm32f4xx_hal_dma.o
                0x0000000008003400                HAL_DMA_Start_IT
 .text.HAL_DMA_Abort
                0x0000000008003484       0x90 Drivers/STM32F4xx_HAL_Driver/Src/stm32f4xx_hal_dma.o
                0x0000000008003484                HAL_DMA_Abort
 .text.HAL_DMA_IRQHandler
                0x0000000008003514      0x1a0 Drivers/STM32F4xx_HAL_Driver/Src/stm32f4xx_hal_dma.o
                0x0000000008003514                HAL_DMA_IRQHandler
 .text.HAL_GPIO_Init
                0x00000000080036b4      0x210 Drivers/STM32F4xx_HAL_Driver/Src/stm32f4xx_hal_gpio.o
                0x00000000080036b4                HAL_GPIO_Init
 .text.HAL_GPIO_WritePin
                0x00000000080038c4        0x8 Drivers/STM32F4xx_HAL_Driver/Src/stm32f4xx_hal_gpio.o
                0x00000000080038c4                HAL_GPIO_WritePin
 .text.HAL_GPIO_TogglePin
                0x00000000080038cc        0x8 Drivers/STM32F4xx_HAL_Driver/Src/stm32f4xx_hal_gpio.o
                0x00000000080038cc                HAL_GPIO_TogglePin
 .text.HAL_GPIO_EXTI_IRQHandler
                0x00000000080038d4       0x18 Drivers/STM32F4xx_HAL_Driver/Src/stm32f4xx_hal_gpio.o
                0x00000000080038d4                HAL_GPIO_EXTI_IRQHandler
 .text.HAL_I2C_Init
                0x00000000080038ec       0xf0 Drivers/STM32F4xx_HAL_Driver/Src/stm32f4xx_hal_i2c.o
                0x00000000080038ec                HAL_I2C_Init
 .text.HAL_I2C_Master_Transmit
                0x00000000080039dc      0x2f8 Drivers/STM32F4xx_HAL_Driver/Src/stm32f4xx_hal_i2c.o
                0x00000000080039dc                HAL_I2C_Master_Transmit
 .text.HAL_PCD_Init
                0x0000000008003cd4      0x438 Drivers/STM32F4xx_HAL_Driver/Src/stm32f4xx_hal_pcd.o
                0x0000000008003cd4                HAL_PCD_Init
 .text.HAL_PCD_Start
                0x000000000800410c       0x2c Drivers/STM32F4xx_HAL_Driver/Src/stm32f4xx_hal_pcd.o
                0x000000000800410c                HAL_PCD_Start
 .text.HAL_PCD_IRQHandler
                0x0000000008004138      0x684 Drivers/STM32F4xx_HAL_Driver/Src/stm32f4xx_hal_pcd.o
                0x0000000008004138                HAL_PCD_IRQHandler
 .text.HAL_PCD_SetAddress
                0x00000000080047bc       0x24 Drivers/STM32F4xx_HAL_Driver/Src/stm32f4xx_hal_pcd.o
                0x00000000080047bc                HAL_PCD_SetAddress
 .text.HAL_PCD_EP_Open
                0x00000000080047e0       0x80 Drivers/STM32F4xx_HAL_Driver/Src/stm32f4xx_hal_pcd.o
                0x00000000080047e0                HAL_PCD_EP_Open
 .text.HAL_PCD_EP_Close
                0x0000000008004860       0x4c Drivers/STM32F4xx_HAL_Driver/Src/stm32f4xx_hal_pcd.o
                0x0000000008004860                HAL_PCD_EP_Close
 .text.HAL_PCD_EP_Receive
                0x00000000080048ac       0x50 Drivers/STM32F4xx_HAL_Driver/Src/stm32f4xx_hal_pcd.o
                0x00000000080048ac                HAL_PCD_EP_Receive
 .text.HAL_PCD_EP_GetRxCount
                0x00000000080048fc       0x14 Drivers/STM32F4xx_HAL_Driver/Src/stm32f4xx_hal_pcd.o
                0x00000000080048fc                HAL_PCD_EP_GetRxCount
 .text.HAL_PCD_EP_Transmit
                0x0000000008004910       0x48 Drivers/STM32F4xx_HAL_Driver/Src/stm32f4xx_hal_pcd.o
                0x0000000008004910                HAL_PCD_EP_Transmit
 .text.HAL_PCD_EP_SetStall
                0x0000000008004958       0x5c Drivers/STM32F4xx_HAL_Driver/Src/stm32f4xx_hal_pcd.o
                0x0000000008004958                HAL_PCD_EP_SetStall
 .text.HAL_PCD_EP_ClrStall
                0x00000000080049b4       0x50 Drivers/STM32F4xx_HAL_Driver/Src/stm32f4xx_hal_pcd.o
                0x00000000080049b4                HAL_PCD_EP_ClrStall
 .text.HAL_PCDEx_SetTxFiFo
                0x0000000008004a04       0x4c Drivers/STM32F4xx_HAL_Driver/Src/stm32f4xx_hal_pcd_ex.o
                0x0000000008004a04                HAL_PCDEx_SetTxFiFo
 .text.HAL_PCDEx_SetRxFiFo
                0x0000000008004a50        0x8 Drivers/STM32F4xx_HAL_Driver/Src/stm32f4xx_hal_pcd_ex.o
                0x0000000008004a50                HAL_PCDEx_SetRxFiFo
 .text.HAL_PCDEx_ActivateLPM
                0x0000000008004a58       0x28 Drivers/STM32F4xx_HAL_Driver/Src/stm32f4xx_hal_pcd_ex.o
                0x0000000008004a58                HAL_PCDEx_ActivateLPM
 .text.HAL_PCDEx_ActivateBCD
                0x0000000008004a80       0x14 Drivers/STM32F4xx_HAL_Driver/Src/stm32f4xx_hal_pcd_ex.o
                0x0000000008004a80                HAL_PCDEx_ActivateBCD
 .text.HAL_PCDEx_BCD_Callback
                0x0000000008004a94        0x4 Drivers/STM32F4xx_HAL_Driver/Src/stm32f4xx_hal_pcd_ex.o
                0x0000000008004a94                HAL_PCDEx_BCD_Callback
 .text.HAL_PCDEx_BCD_VBUSDetect
                0x0000000008004a98       0xa8 Drivers/STM32F4xx_HAL_Driver/Src/stm32f4xx_hal_pcd_ex.o
                0x0000000008004a98                HAL_PCDEx_BCD_VBUSDetect
 .text.HAL_PWR_EnterSTOPMode
                0x0000000008004b40       0x40 Drivers/STM32F4xx_HAL_Driver/Src/stm32f4xx_hal_pwr.o
                0x0000000008004b40                HAL_PWR_EnterSTOPMode
 .text.HAL_RCC_GetSysClockFreq
                0x0000000008004b80       0x6c Drivers/STM32F4xx_HAL_Driver/Src/stm32f4xx_hal_rcc.o
                0x0000000008004b80                HAL_RCC_GetSysClockFreq
 .text.HAL_RCC_ClockConfig
                0x0000000008004bec      0x134 Drivers/STM32F4xx_HAL_Driver/Src/stm32f4xx_hal_rcc.o
                0x0000000008004bec                HAL_RCC_ClockConfig
 .text.HAL_RCC_GetHCLKFreq
                0x0000000008004d20        0xc Drivers/STM32F4xx_HAL_Driver/Src/stm32f4xx_hal_rcc.o
                0x0000000008004d20                HAL_RCC_GetHCLKFreq
 .text.HAL_RCC_GetPCLK1Freq
                0x0000000008004d2c       0x20 Drivers/STM32F4xx_HAL_Driver/Src/stm32f4xx_hal_rcc.o
                0x0000000008004d2c                HAL_RCC_GetPCLK1Freq
 .text.HAL_RCC_GetPCLK2Freq
                0x0000000008004d4c       0x20 Drivers/STM32F4xx_HAL_Driver/Src/stm32f4xx_hal_rcc.o
                0x0000000008004d4c                HAL_RCC_GetPCLK2Freq
 .text.HAL_RCCEx_PeriphCLKConfig
                0x0000000008004d6c      0x280 Drivers/STM32F4xx_HAL_Driver/Src/stm32f4xx_hal_rcc_ex.o
                0x0000000008004d6c                HAL_RCCEx_PeriphCLKConfig
 .text.HAL_RCC_OscConfig
                0x0000000008004fec      0x378 Drivers/STM32F4xx_HAL_Driver/Src/stm32f4xx_hal_rcc_ex.o
                0x0000000008004fec                HAL_RCC_OscConfig
 .text.HAL_SPI_Init
                0x0000000008005364       0x80 Drivers/STM32F4xx_HAL_Driver/Src/stm32f4xx_hal_spi.o
                0x0000000008005364                HAL_SPI_Init
 .text.HAL_SPI_Receive_DMA
                0x00000000080053e4      0x188 Drivers/STM32F4xx_HAL_Driver/Src/stm32f4xx_hal_spi.o
                0x00000000080053e4                HAL_SPI_Receive_DMA
 .text.HAL_SPI_DMAStop
                0x000000000800556c       0x28 Drivers/STM32F4xx_HAL_Driver/Src/stm32f4xx_hal_spi.o
                0x000000000800556c                HAL_SPI_DMAStop
 .text.HAL_SPI_TxRxCpltCallback
                0x0000000008005594        0x4 Drivers/STM32F4xx_HAL_Driver/Src/stm32f4xx_hal_spi.o
                0x0000000008005594                HAL_SPI_TxRxCpltCallback
 .text.SPI_DMAHalfReceiveCplt
                0x0000000008005598        0xc Drivers/STM32F4xx_HAL_Driver/Src/stm32f4xx_hal_spi.o
 .text.HAL_SPI_TxRxHalfCpltCallback
                0x00000000080055a4        0x4 Drivers/STM32F4xx_HAL_Driver/Src/stm32f4xx_hal_spi.o
                0x00000000080055a4                HAL_SPI_TxRxHalfCpltCallback
 .text.SPI_DMAHalfTransmitReceiveCplt
                0x00000000080055a8        0xc Drivers/STM32F4xx_HAL_Driver/Src/stm32f4xx_hal_spi.o
 .text.HAL_SPI_ErrorCallback
                0x00000000080055b4        0x4 Drivers/STM32F4xx_HAL_Driver/Src/stm32f4xx_hal_spi.o
                0x00000000080055b4                HAL_SPI_ErrorCallback
 .text.SPI_DMAError
                0x00000000080055b8       0x24 Drivers/STM32F4xx_HAL_Driver/Src/stm32f4xx_hal_spi.o
 .text.SPI_DMAReceiveCplt
                0x00000000080055dc       0x50 Drivers/STM32F4xx_HAL_Driver/Src/stm32f4xx_hal_spi.o
 .text.SPI_DMATransmitReceiveCplt
                0x000000000800562c       0xb0 Drivers/STM32F4xx_HAL_Driver/Src/stm32f4xx_hal_spi.o
 .text.HAL_TIM_Base_Init
                0x00000000080056dc       0xfc Drivers/STM32F4xx_HAL_Driver/Src/stm32f4xx_hal_tim.o
                0x00000000080056dc                HAL_TIM_Base_Init
 .text.HAL_TIM_Base_DeInit
                0x00000000080057d8       0x3c Drivers/STM32F4xx_HAL_Driver/Src/stm32f4xx_hal_tim.o
                0x00000000080057d8                HAL_TIM_Base_DeInit
 .text.HAL_TIM_Base_Start
                0x0000000008005814       0x20 Drivers/STM32F4xx_HAL_Driver/Src/stm32f4xx_hal_tim.o
                0x0000000008005814                HAL_TIM_Base_Start
 .text.HAL_TIM_Base_Stop
                0x0000000008005834       0x30 Drivers/STM32F4xx_HAL_Driver/Src/stm32f4xx_hal_tim.o
                0x0000000008005834                HAL_TIM_Base_Stop
 .text.HAL_TIM_OC_MspInit
                0x0000000008005864        0x4 Drivers/STM32F4xx_HAL_Driver/Src/stm32f4xx_hal_tim.o
                0x0000000008005864                HAL_TIM_OC_MspInit
 .text.HAL_TIM_OC_Init
                0x0000000008005868       0xfc Drivers/STM32F4xx_HAL_Driver/Src/stm32f4xx_hal_tim.o
                0x0000000008005868                HAL_TIM_OC_Init
 .text.HAL_TIM_PWM_MspInit
                0x0000000008005964        0x4 Drivers/STM32F4xx_HAL_Driver/Src/stm32f4xx_hal_tim.o
                0x0000000008005964                HAL_TIM_PWM_MspInit
 .text.HAL_TIM_PWM_Init
                0x0000000008005968       0xfc Drivers/STM32F4xx_HAL_Driver/Src/stm32f4xx_hal_tim.o
                0x0000000008005968                HAL_TIM_PWM_Init
 .text.HAL_TIM_PWM_Start
                0x0000000008005a64       0x48 Drivers/STM32F4xx_HAL_Driver/Src/stm32f4xx_hal_tim.o
                0x0000000008005a64                HAL_TIM_PWM_Start
 .text.HAL_TIM_PWM_Stop
                0x0000000008005aac       0x70 Drivers/STM32F4xx_HAL_Driver/Src/stm32f4xx_hal_tim.o
                0x0000000008005aac                HAL_TIM_PWM_Stop
 .text.HAL_TIM_OC_ConfigChannel
                0x0000000008005b1c      0x1b4 Drivers/STM32F4xx_HAL_Driver/Src/stm32f4xx_hal_tim.o
                0x0000000008005b1c                HAL_TIM_OC_ConfigChannel
 .text.HAL_TIM_PWM_ConfigChannel
                0x0000000008005cd0      0x218 Drivers/STM32F4xx_HAL_Driver/Src/stm32f4xx_hal_tim.o
                0x0000000008005cd0                HAL_TIM_PWM_ConfigChannel
 .text.HAL_TIM_ConfigClockSource
                0x0000000008005ee8      0x180 Drivers/STM32F4xx_HAL_Driver/Src/stm32f4xx_hal_tim.o
                0x0000000008005ee8                HAL_TIM_ConfigClockSource
 .text.HAL_TIMEx_MasterConfigSynchronization
                0x0000000008006068       0x4c Drivers/STM32F4xx_HAL_Driver/Src/stm32f4xx_hal_tim_ex.o
                0x0000000008006068                HAL_TIMEx_MasterConfigSynchronization
 .text.HAL_TIMEx_ConfigBreakDeadTime
                0x00000000080060b4       0x54 Drivers/STM32F4xx_HAL_Driver/Src/stm32f4xx_hal_tim_ex.o
                0x00000000080060b4                HAL_TIMEx_ConfigBreakDeadTime
 .text.UART_SetConfig
                0x0000000008006108      0x300 Drivers/STM32F4xx_HAL_Driver/Src/stm32f4xx_hal_uart.o
 .text.HAL_UART_Init
                0x0000000008006408       0x60 Drivers/STM32F4xx_HAL_Driver/Src/stm32f4xx_hal_uart.o
                0x0000000008006408                HAL_UART_Init
 .text.USB_CoreInit
                0x0000000008006468       0xb8 Drivers/STM32F4xx_HAL_Driver/Src/stm32f4xx_ll_usb.o
                0x0000000008006468                USB_CoreInit
 .text.USB_EnableGlobalInt
                0x0000000008006520       0x10 Drivers/STM32F4xx_HAL_Driver/Src/stm32f4xx_ll_usb.o
                0x0000000008006520                USB_EnableGlobalInt
 .text.USB_DisableGlobalInt
                0x0000000008006530       0x10 Drivers/STM32F4xx_HAL_Driver/Src/stm32f4xx_ll_usb.o
                0x0000000008006530                USB_DisableGlobalInt
 .text.USB_SetCurrentMode
                0x0000000008006540       0x34 Drivers/STM32F4xx_HAL_Driver/Src/stm32f4xx_ll_usb.o
                0x0000000008006540                USB_SetCurrentMode
 .text.USB_DevInit
                0x0000000008006574      0x198 Drivers/STM32F4xx_HAL_Driver/Src/stm32f4xx_ll_usb.o
                0x0000000008006574                USB_DevInit
 .text.USB_FlushTxFifo
                0x000000000800670c       0x24 Drivers/STM32F4xx_HAL_Driver/Src/stm32f4xx_ll_usb.o
                0x000000000800670c                USB_FlushTxFifo
 .text.USB_GetDevSpeed
                0x0000000008006730       0x38 Drivers/STM32F4xx_HAL_Driver/Src/stm32f4xx_ll_usb.o
                0x0000000008006730                USB_GetDevSpeed
 .text.USB_ActivateEndpoint
                0x0000000008006768       0x90 Drivers/STM32F4xx_HAL_Driver/Src/stm32f4xx_ll_usb.o
                0x0000000008006768                USB_ActivateEndpoint
 .text.USB_DeactivateEndpoint
                0x00000000080067f8        0x4 Drivers/STM32F4xx_HAL_Driver/Src/stm32f4xx_ll_usb.o
                0x00000000080067f8                USB_DeactivateEndpoint
 .text.USB_DeactivateDedicatedEndpoint
                0x00000000080067fc       0xb8 Drivers/STM32F4xx_HAL_Driver/Src/stm32f4xx_ll_usb.o
                0x00000000080067fc                USB_DeactivateDedicatedEndpoint
 .text.USB_EPStartXfer
                0x00000000080068b4      0x1bc Drivers/STM32F4xx_HAL_Driver/Src/stm32f4xx_ll_usb.o
                0x00000000080068b4                USB_EPStartXfer
 .text.USB_EP0StartXfer
                0x0000000008006a70      0x100 Drivers/STM32F4xx_HAL_Driver/Src/stm32f4xx_ll_usb.o
                0x0000000008006a70                USB_EP0StartXfer
 .text.USB_WritePacket
                0x0000000008006b70       0x2c Drivers/STM32F4xx_HAL_Driver/Src/stm32f4xx_ll_usb.o
                0x0000000008006b70                USB_WritePacket
 .text.USB_ReadPacket
                0x0000000008006b9c       0x1c Drivers/STM32F4xx_HAL_Driver/Src/stm32f4xx_ll_usb.o
                0x0000000008006b9c                USB_ReadPacket
 .text.USB_EPSetStall
                0x0000000008006bb8       0x3c Drivers/STM32F4xx_HAL_Driver/Src/stm32f4xx_ll_usb.o
                0x0000000008006bb8                USB_EPSetStall
 .text.USB_EPClearStall
                0x0000000008006bf4       0x30 Drivers/STM32F4xx_HAL_Driver/Src/stm32f4xx_ll_usb.o
                0x0000000008006bf4                USB_EPClearStall
 .text.USB_SetDevAddress
                0x0000000008006c24       0x20 Drivers/STM32F4xx_HAL_Driver/Src/stm32f4xx_ll_usb.o
                0x0000000008006c24                USB_SetDevAddress
 .text.USB_DevConnect
                0x0000000008006c44       0x18 Drivers/STM32F4xx_HAL_Driver/Src/stm32f4xx_ll_usb.o
                0x0000000008006c44                USB_DevConnect
 .text.USB_DevDisconnect
                0x0000000008006c5c       0x18 Drivers/STM32F4xx_HAL_Driver/Src/stm32f4xx_ll_usb.o
                0x0000000008006c5c                USB_DevDisconnect
 .text.USB_ReadInterrupts
                0x0000000008006c74        0x8 Drivers/STM32F4xx_HAL_Driver/Src/stm32f4xx_ll_usb.o
                0x0000000008006c74                USB_ReadInterrupts
 .text.USB_ReadDevAllOutEpInterrupt
                0x0000000008006c7c       0x10 Drivers/STM32F4xx_HAL_Driver/Src/stm32f4xx_ll_usb.o
                0x0000000008006c7c                USB_ReadDevAllOutEpInterrupt
 .text.USB_ReadDevAllInEpInterrupt
                0x0000000008006c8c       0x10 Drivers/STM32F4xx_HAL_Driver/Src/stm32f4xx_ll_usb.o
                0x0000000008006c8c                USB_ReadDevAllInEpInterrupt
 .text.USB_ReadDevOutEPInterrupt
                0x0000000008006c9c       0x14 Drivers/STM32F4xx_HAL_Driver/Src/stm32f4xx_ll_usb.o
                0x0000000008006c9c                USB_ReadDevOutEPInterrupt
 .text.USB_ReadDevInEPInterrupt
                0x0000000008006cb0       0x24 Drivers/STM32F4xx_HAL_Driver/Src/stm32f4xx_ll_usb.o
                0x0000000008006cb0                USB_ReadDevInEPInterrupt
 .text.USB_GetMode
                0x0000000008006cd4        0x8 Drivers/STM32F4xx_HAL_Driver/Src/stm32f4xx_ll_usb.o
                0x0000000008006cd4                USB_GetMode
 .text.USB_ActivateSetup
                0x0000000008006cdc       0x38 Drivers/STM32F4xx_HAL_Driver/Src/stm32f4xx_ll_usb.o
                0x0000000008006cdc                USB_ActivateSetup
 .text.USB_EP0_OutStart
                0x0000000008006d14       0x44 Drivers/STM32F4xx_HAL_Driver/Src/stm32f4xx_ll_usb.o
                0x0000000008006d14                USB_EP0_OutStart
 .text.USBD_CDC_DataIn
                0x0000000008006d58       0x14 Middlewares/ST/STM32_USB_Device_Library/Class/CDC/Src/usbd_cdc.o
 .text.USBD_CDC_EP0_RxReady
                0x0000000008006d6c       0x28 Middlewares/ST/STM32_USB_Device_Library/Class/CDC/Src/usbd_cdc.o
 .text.USBD_CDC_GetFSCfgDesc
                0x0000000008006d94        0xc Middlewares/ST/STM32_USB_Device_Library/Class/CDC/Src/usbd_cdc.o
 .text.USBD_CDC_GetHSCfgDesc
                0x0000000008006da0        0xc Middlewares/ST/STM32_USB_Device_Library/Class/CDC/Src/usbd_cdc.o
 .text.USBD_CDC_GetOtherSpeedCfgDesc
                0x0000000008006dac        0xc Middlewares/ST/STM32_USB_Device_Library/Class/CDC/Src/usbd_cdc.o
 .text.USBD_CDC_GetDeviceQualifierDescriptor
                0x0000000008006db8        0xc Middlewares/ST/STM32_USB_Device_Library/Class/CDC/Src/usbd_cdc.o
                0x0000000008006db8                USBD_CDC_GetDeviceQualifierDescriptor
 .text.USBD_CDC_DataOut
                0x0000000008006dc4       0x30 Middlewares/ST/STM32_USB_Device_Library/Class/CDC/Src/usbd_cdc.o
 .text.USBD_CDC_Setup
                0x0000000008006df4       0x6c Middlewares/ST/STM32_USB_Device_Library/Class/CDC/Src/usbd_cdc.o
 .text.USBD_CDC_DeInit
                0x0000000008006e60       0x3c Middlewares/ST/STM32_USB_Device_Library/Class/CDC/Src/usbd_cdc.o
 .text.USBD_CDC_Init
                0x0000000008006e9c       0x90 Middlewares/ST/STM32_USB_Device_Library/Class/CDC/Src/usbd_cdc.o
 .text.USBD_CDC_RegisterInterface
                0x0000000008006f2c       0x10 Middlewares/ST/STM32_USB_Device_Library/Class/CDC/Src/usbd_cdc.o
                0x0000000008006f2c                USBD_CDC_RegisterInterface
 .text.USBD_CDC_SetTxBuffer
                0x0000000008006f3c       0x10 Middlewares/ST/STM32_USB_Device_Library/Class/CDC/Src/usbd_cdc.o
                0x0000000008006f3c                USBD_CDC_SetTxBuffer
 .text.USBD_CDC_SetRxBuffer
                0x0000000008006f4c        0xc Middlewares/ST/STM32_USB_Device_Library/Class/CDC/Src/usbd_cdc.o
                0x0000000008006f4c                USBD_CDC_SetRxBuffer
 .text.USBD_CDC_TransmitPacket
                0x0000000008006f58       0x30 Middlewares/ST/STM32_USB_Device_Library/Class/CDC/Src/usbd_cdc.o
                0x0000000008006f58                USBD_CDC_TransmitPacket
 .text.USBD_CDC_ReceivePacket
                0x0000000008006f88       0x30 Middlewares/ST/STM32_USB_Device_Library/Class/CDC/Src/usbd_cdc.o
                0x0000000008006f88                USBD_CDC_ReceivePacket
 .text.USBD_Init
                0x0000000008006fb8       0x2c Middlewares/ST/STM32_USB_Device_Library/Core/Src/usbd_core.o
                0x0000000008006fb8                USBD_Init
 .text.USBD_RegisterClass
                0x0000000008006fe4       0x10 Middlewares/ST/STM32_USB_Device_Library/Core/Src/usbd_core.o
                0x0000000008006fe4                USBD_RegisterClass
 .text.USBD_Start
                0x0000000008006ff4        0xc Middlewares/ST/STM32_USB_Device_Library/Core/Src/usbd_core.o
                0x0000000008006ff4                USBD_Start
 .text.USBD_SetClassConfig
                0x0000000008007000       0x14 Middlewares/ST/STM32_USB_Device_Library/Core/Src/usbd_core.o
                0x0000000008007000                USBD_SetClassConfig
 .text.USBD_ClrClassConfig
                0x0000000008007014       0x10 Middlewares/ST/STM32_USB_Device_Library/Core/Src/usbd_core.o
                0x0000000008007014                USBD_ClrClassConfig
 .text.USBD_LL_SetupStage
                0x0000000008007024       0x60 Middlewares/ST/STM32_USB_Device_Library/Core/Src/usbd_core.o
                0x0000000008007024                USBD_LL_SetupStage
 .text.USBD_LL_DataOutStage
                0x0000000008007084       0x6c Middlewares/ST/STM32_USB_Device_Library/Core/Src/usbd_core.o
                0x0000000008007084                USBD_LL_DataOutStage
 .text.USBD_LL_DataInStage
                0x00000000080070f0       0xa4 Middlewares/ST/STM32_USB_Device_Library/Core/Src/usbd_core.o
                0x00000000080070f0                USBD_LL_DataInStage
 .text.USBD_LL_Reset
                0x0000000008007194       0x40 Middlewares/ST/STM32_USB_Device_Library/Core/Src/usbd_core.o
                0x0000000008007194                USBD_LL_Reset
 .text.USBD_LL_SetSpeed
                0x00000000080071d4        0x8 Middlewares/ST/STM32_USB_Device_Library/Core/Src/usbd_core.o
                0x00000000080071d4                USBD_LL_SetSpeed
 .text.USBD_LL_Suspend
                0x00000000080071dc       0x14 Middlewares/ST/STM32_USB_Device_Library/Core/Src/usbd_core.o
                0x00000000080071dc                USBD_LL_Suspend
 .text.USBD_LL_Resume
                0x00000000080071f0       0x10 Middlewares/ST/STM32_USB_Device_Library/Core/Src/usbd_core.o
                0x00000000080071f0                USBD_LL_Resume
 .text.USBD_LL_SOF
                0x0000000008007200       0x1c Middlewares/ST/STM32_USB_Device_Library/Core/Src/usbd_core.o
                0x0000000008007200                USBD_LL_SOF
 .text.USBD_LL_IsoINIncomplete
                0x000000000800721c        0x4 Middlewares/ST/STM32_USB_Device_Library/Core/Src/usbd_core.o
                0x000000000800721c                USBD_LL_IsoINIncomplete
 .text.USBD_LL_IsoOUTIncomplete
                0x0000000008007220        0x4 Middlewares/ST/STM32_USB_Device_Library/Core/Src/usbd_core.o
                0x0000000008007220                USBD_LL_IsoOUTIncomplete
 .text.USBD_LL_DevConnected
                0x0000000008007224        0x4 Middlewares/ST/STM32_USB_Device_Library/Core/Src/usbd_core.o
                0x0000000008007224                USBD_LL_DevConnected
 .text.USBD_LL_DevDisconnected
                0x0000000008007228       0x18 Middlewares/ST/STM32_USB_Device_Library/Core/Src/usbd_core.o
                0x0000000008007228                USBD_LL_DevDisconnected
 .text.USBD_StdDevReq
                0x0000000008007240      0x2d4 Middlewares/ST/STM32_USB_Device_Library/Core/Src/usbd_ctlreq.o
                0x0000000008007240                USBD_StdDevReq
 .text.USBD_StdItfReq
                0x0000000008007514       0x3c Middlewares/ST/STM32_USB_Device_Library/Core/Src/usbd_ctlreq.o
                0x0000000008007514                USBD_StdItfReq
 .text.USBD_StdEPReq
                0x0000000008007550       0xd0 Middlewares/ST/STM32_USB_Device_Library/Core/Src/usbd_ctlreq.o
                0x0000000008007550                USBD_StdEPReq
 .text.USBD_ParseSetupRequest
                0x0000000008007620       0x28 Middlewares/ST/STM32_USB_Device_Library/Core/Src/usbd_ctlreq.o
                0x0000000008007620                USBD_ParseSetupRequest
 .text.USBD_GetString
                0x0000000008007648       0x4c Middlewares/ST/STM32_USB_Device_Library/Core/Src/usbd_ctlreq.o
                0x0000000008007648                USBD_GetString
 .text.USBD_CtlSendData
                0x0000000008007694       0x1c Middlewares/ST/STM32_USB_Device_Library/Core/Src/usbd_ioreq.o
                0x0000000008007694                USBD_CtlSendData
 .text.USBD_CtlContinueSendData
                0x00000000080076b0       0x10 Middlewares/ST/STM32_USB_Device_Library/Core/Src/usbd_ioreq.o
                0x00000000080076b0                USBD_CtlContinueSendData
 .text.USBD_CtlPrepareRx
                0x00000000080076c0       0x20 Middlewares/ST/STM32_USB_Device_Library/Core/Src/usbd_ioreq.o
                0x00000000080076c0                USBD_CtlPrepareRx
 .text.USBD_CtlContinueRx
                0x00000000080076e0       0x10 Middlewares/ST/STM32_USB_Device_Library/Core/Src/usbd_ioreq.o
                0x00000000080076e0                USBD_CtlContinueRx
 .text.USBD_CtlSendStatus
                0x00000000080076f0       0x18 Middlewares/ST/STM32_USB_Device_Library/Core/Src/usbd_ioreq.o
                0x00000000080076f0                USBD_CtlSendStatus
 .text.USBD_CtlReceiveStatus
                0x0000000008007708       0x18 Middlewares/ST/STM32_USB_Device_Library/Core/Src/usbd_ioreq.o
                0x0000000008007708                USBD_CtlReceiveStatus
 .text.MX_DMA_Init
                0x0000000008007720       0x54 Src/dma.o
                0x0000000008007720                MX_DMA_Init
 .text.MX_GPIO_Init
                0x0000000008007774      0x18c Src/gpio.o
                0x0000000008007774                MX_GPIO_Init
 .text.MX_I2C1_Init
                0x0000000008007900       0x48 Src/i2c.o
                0x0000000008007900                MX_I2C1_Init
 .text.MX_I2C2_Init
                0x0000000008007948       0x48 Src/i2c.o
                0x0000000008007948                MX_I2C2_Init
 .text.MX_I2C3_Init
                0x0000000008007990       0x48 Src/i2c.o
                0x0000000008007990                MX_I2C3_Init
 .text.HAL_I2C_MspInit
                0x00000000080079d8      0x108 Src/i2c.o
                0x00000000080079d8                HAL_I2C_MspInit
 .text.SystemClock_Config
                0x0000000008007ae0       0xdc Src/main.o
                0x0000000008007ae0                SystemClock_Config
 .text.startup.main
                0x0000000008007bbc      0x31c Src/main.o
                0x0000000008007bbc                main
 .text._Error_Handler
                0x0000000008007ed8        0x4 Src/main.o
                0x0000000008007ed8                _Error_Handler
 .text.MX_SPI1_Init
                0x0000000008007edc       0x54 Src/spi.o
                0x0000000008007edc                MX_SPI1_Init
 .text.MX_SPI4_Init
                0x0000000008007f30       0x50 Src/spi.o
                0x0000000008007f30                MX_SPI4_Init
 .text.HAL_SPI_MspInit
                0x0000000008007f80      0x1d0 Src/spi.o
                0x0000000008007f80                HAL_SPI_MspInit
 .text.HAL_MspInit
                0x0000000008008150       0x94 Src/stm32f4xx_hal_msp.o
                0x0000000008008150                HAL_MspInit
 .text.NMI_Handler
                0x00000000080081e4        0x4 Src/stm32f4xx_it.o
                0x00000000080081e4                NMI_Handler
 .text.HardFault_Handler
                0x00000000080081e8        0x4 Src/stm32f4xx_it.o
                0x00000000080081e8                HardFault_Handler
 .text.MemManage_Handler
                0x00000000080081ec        0x4 Src/stm32f4xx_it.o
                0x00000000080081ec                MemManage_Handler
 .text.BusFault_Handler
                0x00000000080081f0        0x4 Src/stm32f4xx_it.o
                0x00000000080081f0                BusFault_Handler
 .text.UsageFault_Handler
                0x00000000080081f4        0x4 Src/stm32f4xx_it.o
                0x00000000080081f4                UsageFault_Handler
 .text.SVC_Handler
                0x00000000080081f8        0x4 Src/stm32f4xx_it.o
                0x00000000080081f8                SVC_Handler
 .text.DebugMon_Handler
                0x00000000080081fc        0x4 Src/stm32f4xx_it.o
                0x00000000080081fc                DebugMon_Handler
 .text.PendSV_Handler
                0x0000000008008200        0x4 Src/stm32f4xx_it.o
                0x0000000008008200                PendSV_Handler
 .text.SysTick_Handler
                0x0000000008008204       0x10 Src/stm32f4xx_it.o
                0x0000000008008204                SysTick_Handler
 .text.EXTI1_IRQHandler
                0x0000000008008214        0x8 Src/stm32f4xx_it.o
                0x0000000008008214                EXTI1_IRQHandler
 .text.EXTI2_IRQHandler
                0x000000000800821c       0x10 Src/stm32f4xx_it.o
                0x000000000800821c                EXTI2_IRQHandler
 .text.DMA2_Stream0_IRQHandler
                0x000000000800822c        0xc Src/stm32f4xx_it.o
                0x000000000800822c                DMA2_Stream0_IRQHandler
 .text.DMA2_Stream2_IRQHandler
                0x0000000008008238        0xc Src/stm32f4xx_it.o
                0x0000000008008238                DMA2_Stream2_IRQHandler
 .text.DMA2_Stream3_IRQHandler
                0x0000000008008244        0xc Src/stm32f4xx_it.o
                0x0000000008008244                DMA2_Stream3_IRQHandler
 .text.OTG_FS_IRQHandler
                0x0000000008008250        0xc Src/stm32f4xx_it.o
                0x0000000008008250                OTG_FS_IRQHandler
 .text.SystemInit
                0x000000000800825c       0x50 Src/system_stm32f4xx.o
                0x000000000800825c                SystemInit
 .text.MX_TIM8_Init
                0x00000000080082ac      0x14c Src/tim.o
                0x00000000080082ac                MX_TIM8_Init
 .text.HAL_TIM_Base_MspInit
                0x00000000080083f8       0x8c Src/tim.o
                0x00000000080083f8                HAL_TIM_Base_MspInit
 .text.HAL_TIM_MspPostInit
                0x0000000008008484       0x38 Src/tim.o
                0x0000000008008484                HAL_TIM_MspPostInit
 .text.HAL_TIM_Base_MspDeInit
                0x00000000080084bc       0x38 Src/tim.o
                0x00000000080084bc                HAL_TIM_Base_MspDeInit
 .text.MX_USART3_UART_Init
                0x00000000080084f4       0x40 Src/usart.o
                0x00000000080084f4                MX_USART3_UART_Init
 .text.HAL_UART_MspInit
                0x0000000008008534       0x54 Src/usart.o
                0x0000000008008534                HAL_UART_MspInit
 .text.MX_USB_DEVICE_Init
                0x0000000008008588       0x38 Src/usb_device.o
                0x0000000008008588                MX_USB_DEVICE_Init
 .text.CDC_DeInit_FS
                0x00000000080085c0        0x4 Src/usbd_cdc_if.o
 .text.CDC_Control_FS
                0x00000000080085c4        0x4 Src/usbd_cdc_if.o
 .text.CDC_Receive_FS
                0x00000000080085c8       0x44 Src/usbd_cdc_if.o
 .text.CDC_Init_FS
                0x000000000800860c       0x28 Src/usbd_cdc_if.o
 .text.CDC_Transmit_FS
                0x0000000008008634       0x2c Src/usbd_cdc_if.o
                0x0000000008008634                CDC_Transmit_FS
 .text.HAL_PCD_MspInit
                0x0000000008008660       0x68 Src/usbd_conf.o
                0x0000000008008660                HAL_PCD_MspInit
 .text.HAL_PCD_SetupStageCallback
                0x00000000080086c8        0xc Src/usbd_conf.o
                0x00000000080086c8                HAL_PCD_SetupStageCallback
 .text.HAL_PCD_DataOutStageCallback
                0x00000000080086d4       0x14 Src/usbd_conf.o
                0x00000000080086d4                HAL_PCD_DataOutStageCallback
 .text.HAL_PCD_DataInStageCallback
                0x00000000080086e8       0x14 Src/usbd_conf.o
                0x00000000080086e8                HAL_PCD_DataInStageCallback
 .text.HAL_PCD_SOFCallback
                0x00000000080086fc        0x8 Src/usbd_conf.o
                0x00000000080086fc                HAL_PCD_SOFCallback
 .text.HAL_PCD_ResetCallback
                0x0000000008008704       0x20 Src/usbd_conf.o
                0x0000000008008704                HAL_PCD_ResetCallback
 .text.HAL_PCD_SuspendCallback
                0x0000000008008724       0x30 Src/usbd_conf.o
                0x0000000008008724                HAL_PCD_SuspendCallback
 .text.HAL_PCD_ResumeCallback
                0x0000000008008754        0x8 Src/usbd_conf.o
                0x0000000008008754                HAL_PCD_ResumeCallback
 .text.HAL_PCD_ISOOUTIncompleteCallback
                0x000000000800875c        0x8 Src/usbd_conf.o
                0x000000000800875c                HAL_PCD_ISOOUTIncompleteCallback
 .text.HAL_PCD_ISOINIncompleteCallback
                0x0000000008008764        0x8 Src/usbd_conf.o
                0x0000000008008764                HAL_PCD_ISOINIncompleteCallback
 .text.HAL_PCD_ConnectCallback
                0x000000000800876c        0x8 Src/usbd_conf.o
                0x000000000800876c                HAL_PCD_ConnectCallback
 .text.HAL_PCD_DisconnectCallback
                0x0000000008008774        0x8 Src/usbd_conf.o
                0x0000000008008774                HAL_PCD_DisconnectCallback
 .text.USBD_LL_Init
                0x000000000800877c       0x70 Src/usbd_conf.o
                0x000000000800877c                USBD_LL_Init
 .text.USBD_LL_Start
                0x00000000080087ec       0x1c Src/usbd_conf.o
                0x00000000080087ec                USBD_LL_Start
 .text.USBD_LL_OpenEP
                0x0000000008008808       0x20 Src/usbd_conf.o
                0x0000000008008808                USBD_LL_OpenEP
 .text.USBD_LL_CloseEP
                0x0000000008008828       0x1c Src/usbd_conf.o
                0x0000000008008828                USBD_LL_CloseEP
 .text.USBD_LL_StallEP
                0x0000000008008844       0x1c Src/usbd_conf.o
                0x0000000008008844                USBD_LL_StallEP
 .text.USBD_LL_ClearStallEP
                0x0000000008008860       0x1c Src/usbd_conf.o
                0x0000000008008860                USBD_LL_ClearStallEP
 .text.USBD_LL_IsStallEP
                0x000000000800887c       0x28 Src/usbd_conf.o
                0x000000000800887c                USBD_LL_IsStallEP
 .text.USBD_LL_SetUSBAddress
                0x00000000080088a4       0x1c Src/usbd_conf.o
                0x00000000080088a4                USBD_LL_SetUSBAddress
 .text.USBD_LL_Transmit
                0x00000000080088c0       0x1c Src/usbd_conf.o
                0x00000000080088c0                USBD_LL_Transmit
 .text.USBD_LL_PrepareReceive
                0x00000000080088dc       0x1c Src/usbd_conf.o
                0x00000000080088dc                USBD_LL_PrepareReceive
 .text.USBD_LL_GetRxDataSize
                0x00000000080088f8        0xc Src/usbd_conf.o
                0x00000000080088f8                USBD_LL_GetRxDataSize
 .text.HAL_GPIO_EXTI_Callback
                0x0000000008008904       0x14 Src/usbd_conf.o
                0x0000000008008904                HAL_GPIO_EXTI_Callback
 .text.HAL_PCDEx_LPM_Callback
                0x0000000008008918       0x64 Src/usbd_conf.o
                0x0000000008008918                HAL_PCDEx_LPM_Callback
 .text.USBD_FS_DeviceDescriptor
                0x000000000800897c        0xc Src/usbd_desc.o
                0x000000000800897c                USBD_FS_DeviceDescriptor
 .text.USBD_FS_LangIDStrDescriptor
                0x0000000008008988        0xc Src/usbd_desc.o
                0x0000000008008988                USBD_FS_LangIDStrDescriptor
 .text.USBD_FS_USR_BOSDescriptor
                0x0000000008008994        0xc Src/usbd_desc.o
                0x0000000008008994                USBD_FS_USR_BOSDescriptor
 .text.USBD_FS_ManufacturerStrDescriptor
                0x00000000080089a0       0x1c Src/usbd_desc.o
                0x00000000080089a0                USBD_FS_ManufacturerStrDescriptor
 .text.USBD_FS_ProductStrDescriptor
                0x00000000080089bc       0x1c Src/usbd_desc.o
                0x00000000080089bc                USBD_FS_ProductStrDescriptor
 .text.USBD_FS_SerialStrDescriptor
                0x00000000080089d8       0x1c Src/usbd_desc.o
                0x00000000080089d8                USBD_FS_SerialStrDescriptor
 .text.USBD_FS_ConfigStrDescriptor
                0x00000000080089f4       0x1c Src/usbd_desc.o
                0x00000000080089f4                USBD_FS_ConfigStrDescriptor
 .text.USBD_FS_InterfaceStrDescriptor
                0x0000000008008a10       0x1c Src/usbd_desc.o
                0x0000000008008a10                USBD_FS_InterfaceStrDescriptor
 .text.Reset_Handler
                0x0000000008008a2c       0x50 startup/startup_stm32f412rx.o
                0x0000000008008a2c                Reset_Handler
 .text.Default_Handler
                0x0000000008008a7c        0x2 startup/startup_stm32f412rx.o
                0x0000000008008a7c                RTC_Alarm_IRQHandler
                0x0000000008008a7c                TIM8_CC_IRQHandler
                0x0000000008008a7c                FMPI2C1_EV_IRQHandler
                0x0000000008008a7c                SPI4_IRQHandler
                0x0000000008008a7c                TIM1_CC_IRQHandler
                0x0000000008008a7c                DMA2_Stream5_IRQHandler
                0x0000000008008a7c                DMA1_Stream5_IRQHandler
                0x0000000008008a7c                TIM6_IRQHandler
                0x0000000008008a7c                PVD_IRQHandler
                0x0000000008008a7c                SDIO_IRQHandler
                0x0000000008008a7c                TAMP_STAMP_IRQHandler
                0x0000000008008a7c                CAN2_RX1_IRQHandler
                0x0000000008008a7c                EXTI3_IRQHandler
                0x0000000008008a7c                TIM8_TRG_COM_TIM14_IRQHandler
                0x0000000008008a7c                DFSDM1_FLT1_IRQHandler
                0x0000000008008a7c                TIM1_UP_TIM10_IRQHandler
                0x0000000008008a7c                TIM8_UP_TIM13_IRQHandler
                0x0000000008008a7c                I2C3_ER_IRQHandler
                0x0000000008008a7c                EXTI0_IRQHandler
                0x0000000008008a7c                I2C2_EV_IRQHandler
                0x0000000008008a7c                DMA1_Stream2_IRQHandler
                0x0000000008008a7c                CAN1_RX0_IRQHandler
                0x0000000008008a7c                FPU_IRQHandler
                0x0000000008008a7c                CAN2_SCE_IRQHandler
                0x0000000008008a7c                SPI1_IRQHandler
                0x0000000008008a7c                TIM1_BRK_TIM9_IRQHandler
                0x0000000008008a7c                CAN2_RX0_IRQHandler
                0x0000000008008a7c                USART6_IRQHandler
                0x0000000008008a7c                USART3_IRQHandler
                0x0000000008008a7c                CAN1_RX1_IRQHandler
                0x0000000008008a7c                TIM4_IRQHandler
                0x0000000008008a7c                QUADSPI_IRQHandler
                0x0000000008008a7c                I2C1_EV_IRQHandler
                0x0000000008008a7c                DMA1_Stream6_IRQHandler
                0x0000000008008a7c                DMA1_Stream1_IRQHandler
                0x0000000008008a7c                TIM3_IRQHandler
                0x0000000008008a7c                RCC_IRQHandler
                0x0000000008008a7c                TIM8_BRK_TIM12_IRQHandler
                0x0000000008008a7c                Default_Handler
                0x0000000008008a7c                EXTI15_10_IRQHandler
                0x0000000008008a7c                ADC_IRQHandler
                0x0000000008008a7c                DMA1_Stream7_IRQHandler
                0x0000000008008a7c                SPI5_IRQHandler
                0x0000000008008a7c                TIM7_IRQHandler
                0x0000000008008a7c                CAN2_TX_IRQHandler
                0x0000000008008a7c                TIM5_IRQHandler
                0x0000000008008a7c                DMA2_Stream7_IRQHandler
                0x0000000008008a7c                I2C3_EV_IRQHandler
                0x0000000008008a7c                EXTI9_5_IRQHandler
                0x0000000008008a7c                RTC_WKUP_IRQHandler
                0x0000000008008a7c                SPI2_IRQHandler
                0x0000000008008a7c                DMA1_Stream0_IRQHandler
                0x0000000008008a7c                CAN1_TX_IRQHandler
                0x0000000008008a7c                FMPI2C1_ER_IRQHandler
                0x0000000008008a7c                EXTI4_IRQHandler
                0x0000000008008a7c                RNG_IRQHandler
                0x0000000008008a7c                WWDG_IRQHandler
                0x0000000008008a7c                TIM2_IRQHandler
                0x0000000008008a7c                OTG_FS_WKUP_IRQHandler
                0x0000000008008a7c                TIM1_TRG_COM_TIM11_IRQHandler
                0x0000000008008a7c                USART2_IRQHandler
                0x0000000008008a7c                DFSDM1_FLT0_IRQHandler
                0x0000000008008a7c                I2C2_ER_IRQHandler
                0x0000000008008a7c                DMA2_Stream1_IRQHandler
                0x0000000008008a7c                CAN1_SCE_IRQHandler
                0x0000000008008a7c                FLASH_IRQHandler
                0x0000000008008a7c                DMA2_Stream4_IRQHandler
                0x0000000008008a7c                USART1_IRQHandler
                0x0000000008008a7c                SPI3_IRQHandler
                0x0000000008008a7c                DMA1_Stream4_IRQHandler
                0x0000000008008a7c                I2C1_ER_IRQHandler
                0x0000000008008a7c                DMA2_Stream6_IRQHandler
                0x0000000008008a7c                DMA1_Stream3_IRQHandler
 *fill*         0x0000000008008a7e        0x2 
 .text.__libc_init_array
                0x0000000008008a80       0x48 /home/programs/SW4_stm32/plugins/fr.ac6.mcu.externaltools.arm-none.linux64_1.15.0.201708311556/tools/compiler/bin/../lib/gcc/arm-none-eabi/6.3.1/../../../../arm-none-eabi/lib/thumb/v7e-m/fpv4-sp/hard/libc_nano.a(lib_a-init.o)
                0x0000000008008a80                __libc_init_array
 .text.malloc   0x0000000008008ac8       0x10 /home/programs/SW4_stm32/plugins/fr.ac6.mcu.externaltools.arm-none.linux64_1.15.0.201708311556/tools/compiler/bin/../lib/gcc/arm-none-eabi/6.3.1/../../../../arm-none-eabi/lib/thumb/v7e-m/fpv4-sp/hard/libc_nano.a(lib_a-malloc.o)
                0x0000000008008ac8                malloc
 .text.free     0x0000000008008ad8       0x10 /home/programs/SW4_stm32/plugins/fr.ac6.mcu.externaltools.arm-none.linux64_1.15.0.201708311556/tools/compiler/bin/../lib/gcc/arm-none-eabi/6.3.1/../../../../arm-none-eabi/lib/thumb/v7e-m/fpv4-sp/hard/libc_nano.a(lib_a-malloc.o)
                0x0000000008008ad8                free
 .text.memcpy   0x0000000008008ae8       0x16 /home/programs/SW4_stm32/plugins/fr.ac6.mcu.externaltools.arm-none.linux64_1.15.0.201708311556/tools/compiler/bin/../lib/gcc/arm-none-eabi/6.3.1/../../../../arm-none-eabi/lib/thumb/v7e-m/fpv4-sp/hard/libc_nano.a(lib_a-memcpy-stub.o)
                0x0000000008008ae8                memcpy
 .text.memset   0x0000000008008afe       0x10 /home/programs/SW4_stm32/plugins/fr.ac6.mcu.externaltools.arm-none.linux64_1.15.0.201708311556/tools/compiler/bin/../lib/gcc/arm-none-eabi/6.3.1/../../../../arm-none-eabi/lib/thumb/v7e-m/fpv4-sp/hard/libc_nano.a(lib_a-memset.o)
                0x0000000008008afe                memset
 *fill*         0x0000000008008b0e        0x2 
 .text._free_r  0x0000000008008b10       0x9c /home/programs/SW4_stm32/plugins/fr.ac6.mcu.externaltools.arm-none.linux64_1.15.0.201708311556/tools/compiler/bin/../lib/gcc/arm-none-eabi/6.3.1/../../../../arm-none-eabi/lib/thumb/v7e-m/fpv4-sp/hard/libc_nano.a(lib_a-nano-freer.o)
                0x0000000008008b10                _free_r
 .text._malloc_r
                0x0000000008008bac       0xbc /home/programs/SW4_stm32/plugins/fr.ac6.mcu.externaltools.arm-none.linux64_1.15.0.201708311556/tools/compiler/bin/../lib/gcc/arm-none-eabi/6.3.1/../../../../arm-none-eabi/lib/thumb/v7e-m/fpv4-sp/hard/libc_nano.a(lib_a-nano-mallocr.o)
                0x0000000008008bac                _malloc_r
 .text._sbrk_r  0x0000000008008c68       0x20 /home/programs/SW4_stm32/plugins/fr.ac6.mcu.externaltools.arm-none.linux64_1.15.0.201708311556/tools/compiler/bin/../lib/gcc/arm-none-eabi/6.3.1/../../../../arm-none-eabi/lib/thumb/v7e-m/fpv4-sp/hard/libc_nano.a(lib_a-sbrkr.o)
                0x0000000008008c68                _sbrk_r
 .text.sprintf  0x0000000008008c88       0x48 /home/programs/SW4_stm32/plugins/fr.ac6.mcu.externaltools.arm-none.linux64_1.15.0.201708311556/tools/compiler/bin/../lib/gcc/arm-none-eabi/6.3.1/../../../../arm-none-eabi/lib/thumb/v7e-m/fpv4-sp/hard/libc_nano.a(lib_a-sprintf.o)
                0x0000000008008c88                sprintf
                0x0000000008008c88                siprintf
 .text.__malloc_lock
                0x0000000008008cd0        0x2 /home/programs/SW4_stm32/plugins/fr.ac6.mcu.externaltools.arm-none.linux64_1.15.0.201708311556/tools/compiler/bin/../lib/gcc/arm-none-eabi/6.3.1/../../../../arm-none-eabi/lib/thumb/v7e-m/fpv4-sp/hard/libc_nano.a(lib_a-mlock.o)
                0x0000000008008cd0                __malloc_lock
 .text.__malloc_unlock
                0x0000000008008cd2        0x2 /home/programs/SW4_stm32/plugins/fr.ac6.mcu.externaltools.arm-none.linux64_1.15.0.201708311556/tools/compiler/bin/../lib/gcc/arm-none-eabi/6.3.1/../../../../arm-none-eabi/lib/thumb/v7e-m/fpv4-sp/hard/libc_nano.a(lib_a-mlock.o)
                0x0000000008008cd2                __malloc_unlock
 .text.__ssputs_r
                0x0000000008008cd4       0xb6 /home/programs/SW4_stm32/plugins/fr.ac6.mcu.externaltools.arm-none.linux64_1.15.0.201708311556/tools/compiler/bin/../lib/gcc/arm-none-eabi/6.3.1/../../../../arm-none-eabi/lib/thumb/v7e-m/fpv4-sp/hard/libc_nano.a(lib_a-nano-svfprintf.o)
                0x0000000008008cd4                __ssputs_r
 *fill*         0x0000000008008d8a        0x2 
 .text._svfprintf_r
                0x0000000008008d8c      0x1e8 /home/programs/SW4_stm32/plugins/fr.ac6.mcu.externaltools.arm-none.linux64_1.15.0.201708311556/tools/compiler/bin/../lib/gcc/arm-none-eabi/6.3.1/../../../../arm-none-eabi/lib/thumb/v7e-m/fpv4-sp/hard/libc_nano.a(lib_a-nano-svfprintf.o)
                0x0000000008008d8c                _svfprintf_r
                0x0000000008008d8c                _svfiprintf_r
 .text._printf_common
                0x0000000008008f74       0xec /home/programs/SW4_stm32/plugins/fr.ac6.mcu.externaltools.arm-none.linux64_1.15.0.201708311556/tools/compiler/bin/../lib/gcc/arm-none-eabi/6.3.1/../../../../arm-none-eabi/lib/thumb/v7e-m/fpv4-sp/hard/libc_nano.a(lib_a-nano-vfprintf_i.o)
                0x0000000008008f74                _printf_common
 .text._printf_i
                0x0000000008009060      0x240 /home/programs/SW4_stm32/plugins/fr.ac6.mcu.externaltools.arm-none.linux64_1.15.0.201708311556/tools/compiler/bin/../lib/gcc/arm-none-eabi/6.3.1/../../../../arm-none-eabi/lib/thumb/v7e-m/fpv4-sp/hard/libc_nano.a(lib_a-nano-vfprintf_i.o)
                0x0000000008009060                _printf_i
 .text.memmove  0x00000000080092a0       0x34 /home/programs/SW4_stm32/plugins/fr.ac6.mcu.externaltools.arm-none.linux64_1.15.0.201708311556/tools/compiler/bin/../lib/gcc/arm-none-eabi/6.3.1/../../../../arm-none-eabi/lib/thumb/v7e-m/fpv4-sp/hard/libc_nano.a(lib_a-memmove.o)
                0x00000000080092a0                memmove
 .text._realloc_r
                0x00000000080092d4       0x4c /home/programs/SW4_stm32/plugins/fr.ac6.mcu.externaltools.arm-none.linux64_1.15.0.201708311556/tools/compiler/bin/../lib/gcc/arm-none-eabi/6.3.1/../../../../arm-none-eabi/lib/thumb/v7e-m/fpv4-sp/hard/libc_nano.a(lib_a-nano-reallocr.o)
                0x00000000080092d4                _realloc_r
 .text._malloc_usable_size_r
                0x0000000008009320       0x12 /home/programs/SW4_stm32/plugins/fr.ac6.mcu.externaltools.arm-none.linux64_1.15.0.201708311556/tools/compiler/bin/../lib/gcc/arm-none-eabi/6.3.1/../../../../arm-none-eabi/lib/thumb/v7e-m/fpv4-sp/hard/libc_nano.a(lib_a-nano-msizer.o)
                0x0000000008009320                _malloc_usable_size_r
 *fill*         0x0000000008009332        0x2 
 .text._sbrk    0x0000000008009334       0x1c /home/programs/SW4_stm32/plugins/fr.ac6.mcu.externaltools.arm-none.linux64_1.15.0.201708311556/tools/compiler/bin/../lib/gcc/arm-none-eabi/6.3.1/../../../../arm-none-eabi/lib/thumb/v7e-m/fpv4-sp/hard/libnosys.a(sbrk.o)
                0x0000000008009334                _sbrk
 *(.glue_7)
 .glue_7        0x0000000008009350        0x0 linker stubs
 *(.glue_7t)
 .glue_7t       0x0000000008009350        0x0 linker stubs
 *(.eh_frame)
 .eh_frame      0x0000000008009350        0x0 /home/programs/SW4_stm32/plugins/fr.ac6.mcu.externaltools.arm-none.linux64_1.15.0.201708311556/tools/compiler/bin/../lib/gcc/arm-none-eabi/6.3.1/thumb/v7e-m/fpv4-sp/hard/crtbegin.o
 *(.init)
 .init          0x0000000008009350        0x4 /home/programs/SW4_stm32/plugins/fr.ac6.mcu.externaltools.arm-none.linux64_1.15.0.201708311556/tools/compiler/bin/../lib/gcc/arm-none-eabi/6.3.1/thumb/v7e-m/fpv4-sp/hard/crti.o
                0x0000000008009350                _init
 .init          0x0000000008009354        0x8 /home/programs/SW4_stm32/plugins/fr.ac6.mcu.externaltools.arm-none.linux64_1.15.0.201708311556/tools/compiler/bin/../lib/gcc/arm-none-eabi/6.3.1/thumb/v7e-m/fpv4-sp/hard/crtn.o
 *(.fini)
 .fini          0x000000000800935c        0x4 /home/programs/SW4_stm32/plugins/fr.ac6.mcu.externaltools.arm-none.linux64_1.15.0.201708311556/tools/compiler/bin/../lib/gcc/arm-none-eabi/6.3.1/thumb/v7e-m/fpv4-sp/hard/crti.o
                0x000000000800935c                _fini
 .fini          0x0000000008009360        0x8 /home/programs/SW4_stm32/plugins/fr.ac6.mcu.externaltools.arm-none.linux64_1.15.0.201708311556/tools/compiler/bin/../lib/gcc/arm-none-eabi/6.3.1/thumb/v7e-m/fpv4-sp/hard/crtn.o
                0x0000000008009368                . = ALIGN (0x4)
                0x0000000008009368                _etext = .

.vfp11_veneer   0x0000000008009368        0x0
 .vfp11_veneer  0x0000000008009368        0x0 linker stubs

.v4_bx          0x0000000008009368        0x0
 .v4_bx         0x0000000008009368        0x0 linker stubs

.iplt           0x0000000008009368        0x0
 .iplt          0x0000000008009368        0x0 /home/programs/SW4_stm32/plugins/fr.ac6.mcu.externaltools.arm-none.linux64_1.15.0.201708311556/tools/compiler/bin/../lib/gcc/arm-none-eabi/6.3.1/thumb/v7e-m/fpv4-sp/hard/crtbegin.o

.rodata         0x0000000008009368      0x12c
                0x0000000008009368                . = ALIGN (0x4)
 *(.rodata)
 .rodata        0x0000000008009368        0x8 Drivers/STM32F4xx_HAL_Driver/Src/stm32f4xx_hal_dma.o
 .rodata        0x0000000008009370       0x18 Src/system_stm32f4xx.o
                0x0000000008009370                AHBPrescTable
                0x0000000008009380                APBPrescTable
 .rodata        0x0000000008009388        0x4 Src/usbd_conf.o
 *(.rodata*)
 .rodata.str1.4
                0x000000000800938c       0x12 App/MAX1119x.o
 *fill*         0x000000000800939e        0x2 
 .rodata.str1.4
                0x00000000080093a0        0xd Src/i2c.o
 *fill*         0x00000000080093ad        0x3 
 .rodata.str1.4
                0x00000000080093b0       0x1f Src/main.o
 *fill*         0x00000000080093cf        0x1 
 .rodata.str1.4
                0x00000000080093d0        0xd Src/spi.o
 *fill*         0x00000000080093dd        0x3 
 .rodata.str1.4
                0x00000000080093e0        0xd Src/tim.o
 *fill*         0x00000000080093ed        0x3 
 .rodata.str1.4
                0x00000000080093f0        0xf Src/usart.o
 *fill*         0x00000000080093ff        0x1 
 .rodata.str1.4
                0x0000000008009400       0x13 Src/usbd_conf.o
 *fill*         0x0000000008009413        0x1 
 .rodata.str1.4
                0x0000000008009414       0x4c Src/usbd_desc.o
                                         0x4a (size before relaxing)
 .rodata._svfprintf_r.str1.1
                0x0000000008009460       0x11 /home/programs/SW4_stm32/plugins/fr.ac6.mcu.externaltools.arm-none.linux64_1.15.0.201708311556/tools/compiler/bin/../lib/gcc/arm-none-eabi/6.3.1/../../../../arm-none-eabi/lib/thumb/v7e-m/fpv4-sp/hard/libc_nano.a(lib_a-nano-svfprintf.o)
 .rodata._printf_i.str1.1
                0x0000000008009471       0x22 /home/programs/SW4_stm32/plugins/fr.ac6.mcu.externaltools.arm-none.linux64_1.15.0.201708311556/tools/compiler/bin/../lib/gcc/arm-none-eabi/6.3.1/../../../../arm-none-eabi/lib/thumb/v7e-m/fpv4-sp/hard/libc_nano.a(lib_a-nano-vfprintf_i.o)
                0x0000000008009494                . = ALIGN (0x4)
 *fill*         0x0000000008009493        0x1 

.ARM.extab
 *(.ARM.extab* .gnu.linkonce.armextab.*)

.ARM            0x0000000008009494        0x8
                0x0000000008009494                __exidx_start = .
 *(.ARM.exidx*)
 .ARM.exidx     0x0000000008009494        0x8 /home/programs/SW4_stm32/plugins/fr.ac6.mcu.externaltools.arm-none.linux64_1.15.0.201708311556/tools/compiler/bin/../lib/gcc/arm-none-eabi/6.3.1/thumb/v7e-m/fpv4-sp/hard/libgcc.a(_udivmoddi4.o)
                0x000000000800949c                __exidx_end = .

.rel.dyn        0x000000000800949c        0x0
 .rel.iplt      0x000000000800949c        0x0 /home/programs/SW4_stm32/plugins/fr.ac6.mcu.externaltools.arm-none.linux64_1.15.0.201708311556/tools/compiler/bin/../lib/gcc/arm-none-eabi/6.3.1/thumb/v7e-m/fpv4-sp/hard/crtbegin.o

.preinit_array  0x000000000800949c        0x0
                0x000000000800949c                PROVIDE (__preinit_array_start, .)
 *(.preinit_array*)
                0x000000000800949c                PROVIDE (__preinit_array_end, .)

.init_array     0x000000000800949c        0x4
                0x000000000800949c                PROVIDE (__init_array_start, .)
 *(SORT(.init_array.*))
 *(.init_array*)
 .init_array    0x000000000800949c        0x4 /home/programs/SW4_stm32/plugins/fr.ac6.mcu.externaltools.arm-none.linux64_1.15.0.201708311556/tools/compiler/bin/../lib/gcc/arm-none-eabi/6.3.1/thumb/v7e-m/fpv4-sp/hard/crtbegin.o
                0x00000000080094a0                PROVIDE (__init_array_end, .)

.fini_array     0x00000000080094a0        0x4
                [!provide]                        PROVIDE (__fini_array_start, .)
 *(SORT(.fini_array.*))
 *(.fini_array*)
 .fini_array    0x00000000080094a0        0x4 /home/programs/SW4_stm32/plugins/fr.ac6.mcu.externaltools.arm-none.linux64_1.15.0.201708311556/tools/compiler/bin/../lib/gcc/arm-none-eabi/6.3.1/thumb/v7e-m/fpv4-sp/hard/crtbegin.o
                [!provide]                        PROVIDE (__fini_array_end, .)
                0x00000000080094a4                _sidata = LOADADDR (.data)

.data           0x0000000020000000      0x1d8 load address 0x00000000080094a4
                0x0000000020000000                . = ALIGN (0x4)
                0x0000000020000000                _sdata = .
 *(.data)
 .data          0x0000000020000000        0x2 App/MCU_StateMachine.o
                0x0000000020000000                MCU_State_LED_TimeOn
                0x0000000020000001                MCU_State_LED_TimeOff
 *fill*         0x0000000020000002        0x2 
 .data          0x0000000020000004        0x8 Drivers/STM32F4xx_HAL_Driver/Src/stm32f4xx_hal.o
                0x0000000020000004                uwTickFreq
                0x0000000020000008                uwTickPrio
 .data          0x000000002000000c      0x110 Middlewares/ST/STM32_USB_Device_Library/Class/CDC/Src/usbd_cdc.o
                0x000000002000000c                USBD_CDC_CfgFSDesc
                0x0000000020000050                USBD_CDC_CfgHSDesc
                0x0000000020000094                USBD_CDC_OtherSpeedCfgDesc
                0x00000000200000e4                USBD_CDC
 .data          0x000000002000011c        0x4 Src/system_stm32f4xx.o
                0x000000002000011c                SystemCoreClock
 .data          0x0000000020000120       0x10 Src/usbd_cdc_if.o
                0x0000000020000120                USBD_Interface_fops_FS
 .data          0x0000000020000130       0x44 Src/usbd_desc.o
                0x0000000020000130                USBD_FS_DeviceDesc
                0x0000000020000144                USBD_LangIDDesc
                0x0000000020000148                USBD_FS_BOSDesc
                0x0000000020000154                FS_Desc
 *(.data*)
 .data._impure_ptr
                0x0000000020000174        0x4 /home/programs/SW4_stm32/plugins/fr.ac6.mcu.externaltools.arm-none.linux64_1.15.0.201708311556/tools/compiler/bin/../lib/gcc/arm-none-eabi/6.3.1/../../../../arm-none-eabi/lib/thumb/v7e-m/fpv4-sp/hard/libc_nano.a(lib_a-impure.o)
                0x0000000020000174                _impure_ptr
 .data.impure_data
                0x0000000020000178       0x60 /home/programs/SW4_stm32/plugins/fr.ac6.mcu.externaltools.arm-none.linux64_1.15.0.201708311556/tools/compiler/bin/../lib/gcc/arm-none-eabi/6.3.1/../../../../arm-none-eabi/lib/thumb/v7e-m/fpv4-sp/hard/libc_nano.a(lib_a-impure.o)
                0x00000000200001d8                . = ALIGN (0x4)
                0x00000000200001d8                _edata = .

.jcr            0x00000000200001d8        0x0 load address 0x000000000800967c
 .jcr           0x00000000200001d8        0x0 /home/programs/SW4_stm32/plugins/fr.ac6.mcu.externaltools.arm-none.linux64_1.15.0.201708311556/tools/compiler/bin/../lib/gcc/arm-none-eabi/6.3.1/thumb/v7e-m/fpv4-sp/hard/crtbegin.o

.igot.plt       0x00000000200001d8        0x0 load address 0x000000000800967c
 .igot.plt      0x00000000200001d8        0x0 /home/programs/SW4_stm32/plugins/fr.ac6.mcu.externaltools.arm-none.linux64_1.15.0.201708311556/tools/compiler/bin/../lib/gcc/arm-none-eabi/6.3.1/thumb/v7e-m/fpv4-sp/hard/crtbegin.o
                0x00000000200001d8                . = ALIGN (0x4)

.bss            0x00000000200001d8    0x13868 load address 0x000000000800967c
                0x00000000200001d8                _sbss = .
                0x00000000200001d8                __bss_start__ = _sbss
 *(.bss)
 .bss           0x00000000200001d8       0x1c /home/programs/SW4_stm32/plugins/fr.ac6.mcu.externaltools.arm-none.linux64_1.15.0.201708311556/tools/compiler/bin/../lib/gcc/arm-none-eabi/6.3.1/thumb/v7e-m/fpv4-sp/hard/crtbegin.o
 .bss           0x00000000200001f4        0xc App/MCU_StateMachine.o
                0x00000000200001f4                MCU_State_CurrentState
                0x00000000200001f5                MCU_State_LastState
                0x00000000200001f6                MCU_State_EventType
                0x00000000200001f8                MCU_State_SubSystemStates
                0x00000000200001fa                MCU_State_LED_TimeCounter
                0x00000000200001fc                MCU_State_LowFrequncyTimerCounter
 .bss           0x0000000020000200        0x1 Middlewares/ST/STM32_USB_Device_Library/Class/CDC/Src/usbd_cdc.o
 .bss           0x0000000020000201        0x1 Middlewares/ST/STM32_USB_Device_Library/Core/Src/usbd_ctlreq.o
 *(.bss*)
 *fill*         0x0000000020000202        0x2 
 .bss.__malloc_free_list
                0x0000000020000204        0x4 /home/programs/SW4_stm32/plugins/fr.ac6.mcu.externaltools.arm-none.linux64_1.15.0.201708311556/tools/compiler/bin/../lib/gcc/arm-none-eabi/6.3.1/../../../../arm-none-eabi/lib/thumb/v7e-m/fpv4-sp/hard/libc_nano.a(lib_a-nano-mallocr.o)
                0x0000000020000204                __malloc_free_list
 .bss.__malloc_sbrk_start
                0x0000000020000208        0x4 /home/programs/SW4_stm32/plugins/fr.ac6.mcu.externaltools.arm-none.linux64_1.15.0.201708311556/tools/compiler/bin/../lib/gcc/arm-none-eabi/6.3.1/../../../../arm-none-eabi/lib/thumb/v7e-m/fpv4-sp/hard/libc_nano.a(lib_a-nano-mallocr.o)
                0x0000000020000208                __malloc_sbrk_start
 .bss.heap_end.5239
                0x000000002000020c        0x4 /home/programs/SW4_stm32/plugins/fr.ac6.mcu.externaltools.arm-none.linux64_1.15.0.201708311556/tools/compiler/bin/../lib/gcc/arm-none-eabi/6.3.1/../../../../arm-none-eabi/lib/thumb/v7e-m/fpv4-sp/hard/libnosys.a(sbrk.o)
 *(COMMON)
 COMMON         0x0000000020000210      0x14c App/GSBP_Basic.o
                0x0000000020000210                GSBP_Handles
 COMMON         0x000000002000035c      0x28c App/GSBP_Basic_Config.o
                0x000000002000035c                GSBP_USB
 COMMON         0x00000000200005e8    0x11efc App/Testbed.o
                0x00000000200005e8                testbed
 COMMON         0x00000000200124e4        0x4 Drivers/STM32F4xx_HAL_Driver/Src/stm32f4xx_hal.o
                0x00000000200124e4                uwTick
 COMMON         0x00000000200124e8       0xfc Src/i2c.o
                0x00000000200124e8                hi2c3
                0x000000002001253c                hi2c1
                0x0000000020012590                hi2c2
 COMMON         0x00000000200125e4      0x1c8 Src/spi.o
                0x00000000200125e4                hspi5
                0x000000002001263c                hdma_spi4_rx
                0x000000002001269c                hspi4
                0x00000000200126f4                hspi1
                0x000000002001274c                hdma_spi1_rx
 COMMON         0x00000000200127ac       0x9c Src/tim.o
                0x00000000200127ac                htim8
                0x00000000200127e8                hdma_tim8_ch1_ch2_ch3
 COMMON         0x0000000020012848       0x40 Src/usart.o
                0x0000000020012848                huart3
 COMMON         0x0000000020012888      0x224 Src/usb_device.o
                0x0000000020012888                hUsbDeviceFS
 COMMON         0x0000000020012aac      0x990 Src/usbd_cdc_if.o
                0x0000000020012aac                UserRxBufferFS
                0x0000000020012c3c                UserTxBufferFS
 COMMON         0x000000002001343c      0x400 Src/usbd_conf.o
                0x000000002001343c                hpcd_USB_OTG_FS
 COMMON         0x000000002001383c      0x200 Src/usbd_desc.o
                0x000000002001383c                USBD_StrDesc
 COMMON         0x0000000020013a3c        0x4 /home/programs/SW4_stm32/plugins/fr.ac6.mcu.externaltools.arm-none.linux64_1.15.0.201708311556/tools/compiler/bin/../lib/gcc/arm-none-eabi/6.3.1/../../../../arm-none-eabi/lib/thumb/v7e-m/fpv4-sp/hard/libc_nano.a(lib_a-reent.o)
                0x0000000020013a3c                errno
                0x0000000020013a40                . = ALIGN (0x4)
                0x0000000020013a40                _ebss = .
                0x0000000020013a40                __bss_end__ = _ebss

._user_heap_stack
                0x0000000020013a40      0x600 load address 0x000000000800967c
                0x0000000020013a40                . = ALIGN (0x8)
                0x0000000020013a40                PROVIDE (end, .)
                [!provide]                        PROVIDE (_end, .)
                0x0000000020013c40                . = (. + _Min_Heap_Size)
 *fill*         0x0000000020013a40      0x200 
                0x0000000020014040                . = (. + _Min_Stack_Size)
 *fill*         0x0000000020013c40      0x400 
                0x0000000020014040                . = ALIGN (0x8)

/DISCARD/
 libc.a(*)
 libm.a(*)
 libgcc.a(*)

.ARM.attributes
                0x0000000000000000       0x30
 *(.ARM.attributes)
 .ARM.attributes
                0x0000000000000000       0x22 /home/programs/SW4_stm32/plugins/fr.ac6.mcu.externaltools.arm-none.linux64_1.15.0.201708311556/tools/compiler/bin/../lib/gcc/arm-none-eabi/6.3.1/thumb/v7e-m/fpv4-sp/hard/crti.o
 .ARM.attributes
                0x0000000000000022       0x34 /home/programs/SW4_stm32/plugins/fr.ac6.mcu.externaltools.arm-none.linux64_1.15.0.201708311556/tools/compiler/bin/../lib/gcc/arm-none-eabi/6.3.1/thumb/v7e-m/fpv4-sp/hard/crtbegin.o
 .ARM.attributes
                0x0000000000000056       0x39 App/GSBP_Basic.o
 .ARM.attributes
                0x000000000000008f       0x39 App/GSBP_Basic_Config.o
 .ARM.attributes
                0x00000000000000c8       0x39 App/MAX1119x.o
 .ARM.attributes
                0x0000000000000101       0x39 App/MCU_StateMachine.o
 .ARM.attributes
                0x000000000000013a       0x39 App/TCA9535.o
 .ARM.attributes
                0x0000000000000173       0x39 App/Testbed.o
 .ARM.attributes
                0x00000000000001ac       0x39 Drivers/STM32F4xx_HAL_Driver/Src/stm32f4xx_hal.o
 .ARM.attributes
                0x00000000000001e5       0x39 Drivers/STM32F4xx_HAL_Driver/Src/stm32f4xx_hal_cortex.o
 .ARM.attributes
                0x000000000000021e       0x39 Drivers/STM32F4xx_HAL_Driver/Src/stm32f4xx_hal_dma.o
 .ARM.attributes
                0x0000000000000257       0x39 Drivers/STM32F4xx_HAL_Driver/Src/stm32f4xx_hal_gpio.o
 .ARM.attributes
                0x0000000000000290       0x39 Drivers/STM32F4xx_HAL_Driver/Src/stm32f4xx_hal_i2c.o
 .ARM.attributes
                0x00000000000002c9       0x39 Drivers/STM32F4xx_HAL_Driver/Src/stm32f4xx_hal_pcd.o
 .ARM.attributes
                0x0000000000000302       0x39 Drivers/STM32F4xx_HAL_Driver/Src/stm32f4xx_hal_pcd_ex.o
 .ARM.attributes
                0x000000000000033b       0x39 Drivers/STM32F4xx_HAL_Driver/Src/stm32f4xx_hal_pwr.o
 .ARM.attributes
                0x0000000000000374       0x39 Drivers/STM32F4xx_HAL_Driver/Src/stm32f4xx_hal_rcc.o
 .ARM.attributes
                0x00000000000003ad       0x39 Drivers/STM32F4xx_HAL_Driver/Src/stm32f4xx_hal_rcc_ex.o
 .ARM.attributes
                0x00000000000003e6       0x39 Drivers/STM32F4xx_HAL_Driver/Src/stm32f4xx_hal_spi.o
 .ARM.attributes
                0x000000000000041f       0x39 Drivers/STM32F4xx_HAL_Driver/Src/stm32f4xx_hal_tim.o
 .ARM.attributes
                0x0000000000000458       0x39 Drivers/STM32F4xx_HAL_Driver/Src/stm32f4xx_hal_tim_ex.o
 .ARM.attributes
                0x0000000000000491       0x39 Drivers/STM32F4xx_HAL_Driver/Src/stm32f4xx_hal_uart.o
 .ARM.attributes
                0x00000000000004ca       0x39 Drivers/STM32F4xx_HAL_Driver/Src/stm32f4xx_ll_usb.o
 .ARM.attributes
                0x0000000000000503       0x39 Middlewares/ST/STM32_USB_Device_Library/Class/CDC/Src/usbd_cdc.o
 .ARM.attributes
                0x000000000000053c       0x39 Middlewares/ST/STM32_USB_Device_Library/Core/Src/usbd_core.o
 .ARM.attributes
                0x0000000000000575       0x39 Middlewares/ST/STM32_USB_Device_Library/Core/Src/usbd_ctlreq.o
 .ARM.attributes
                0x00000000000005ae       0x39 Middlewares/ST/STM32_USB_Device_Library/Core/Src/usbd_ioreq.o
 .ARM.attributes
                0x00000000000005e7       0x39 Src/dma.o
 .ARM.attributes
                0x0000000000000620       0x39 Src/gpio.o
 .ARM.attributes
                0x0000000000000659       0x39 Src/i2c.o
 .ARM.attributes
                0x0000000000000692       0x39 Src/main.o
 .ARM.attributes
                0x00000000000006cb       0x39 Src/spi.o
 .ARM.attributes
                0x0000000000000704       0x39 Src/stm32f4xx_hal_msp.o
 .ARM.attributes
                0x000000000000073d       0x39 Src/stm32f4xx_it.o
 .ARM.attributes
                0x0000000000000776       0x39 Src/system_stm32f4xx.o
 .ARM.attributes
                0x00000000000007af       0x39 Src/tim.o
 .ARM.attributes
                0x00000000000007e8       0x39 Src/usart.o
 .ARM.attributes
                0x0000000000000821       0x39 Src/usb_device.o
 .ARM.attributes
                0x000000000000085a       0x39 Src/usbd_cdc_if.o
 .ARM.attributes
                0x0000000000000893       0x39 Src/usbd_conf.o
 .ARM.attributes
                0x00000000000008cc       0x39 Src/usbd_desc.o
 .ARM.attributes
                0x0000000000000905       0x21 startup/startup_stm32f412rx.o
 .ARM.attributes
                0x0000000000000926       0x22 /home/programs/SW4_stm32/plugins/fr.ac6.mcu.externaltools.arm-none.linux64_1.15.0.201708311556/tools/compiler/bin/../lib/gcc/arm-none-eabi/6.3.1/thumb/v7e-m/fpv4-sp/hard/libgcc.a(_arm_addsubdf3.o)
 .ARM.attributes
                0x0000000000000948       0x22 /home/programs/SW4_stm32/plugins/fr.ac6.mcu.externaltools.arm-none.linux64_1.15.0.201708311556/tools/compiler/bin/../lib/gcc/arm-none-eabi/6.3.1/thumb/v7e-m/fpv4-sp/hard/libgcc.a(_arm_muldivdf3.o)
 .ARM.attributes
                0x000000000000096a       0x22 /home/programs/SW4_stm32/plugins/fr.ac6.mcu.externaltools.arm-none.linux64_1.15.0.201708311556/tools/compiler/bin/../lib/gcc/arm-none-eabi/6.3.1/thumb/v7e-m/fpv4-sp/hard/libgcc.a(_aeabi_uldivmod.o)
 .ARM.attributes
                0x000000000000098c       0x34 /home/programs/SW4_stm32/plugins/fr.ac6.mcu.externaltools.arm-none.linux64_1.15.0.201708311556/tools/compiler/bin/../lib/gcc/arm-none-eabi/6.3.1/thumb/v7e-m/fpv4-sp/hard/libgcc.a(_udivmoddi4.o)
 .ARM.attributes
                0x00000000000009c0       0x22 /home/programs/SW4_stm32/plugins/fr.ac6.mcu.externaltools.arm-none.linux64_1.15.0.201708311556/tools/compiler/bin/../lib/gcc/arm-none-eabi/6.3.1/thumb/v7e-m/fpv4-sp/hard/libgcc.a(_dvmd_tls.o)
 .ARM.attributes
                0x00000000000009e2       0x34 /home/programs/SW4_stm32/plugins/fr.ac6.mcu.externaltools.arm-none.linux64_1.15.0.201708311556/tools/compiler/bin/../lib/gcc/arm-none-eabi/6.3.1/../../../../arm-none-eabi/lib/thumb/v7e-m/fpv4-sp/hard/libc_nano.a(lib_a-impure.o)
 .ARM.attributes
                0x0000000000000a16       0x34 /home/programs/SW4_stm32/plugins/fr.ac6.mcu.externaltools.arm-none.linux64_1.15.0.201708311556/tools/compiler/bin/../lib/gcc/arm-none-eabi/6.3.1/../../../../arm-none-eabi/lib/thumb/v7e-m/fpv4-sp/hard/libc_nano.a(lib_a-init.o)
 .ARM.attributes
                0x0000000000000a4a       0x34 /home/programs/SW4_stm32/plugins/fr.ac6.mcu.externaltools.arm-none.linux64_1.15.0.201708311556/tools/compiler/bin/../lib/gcc/arm-none-eabi/6.3.1/../../../../arm-none-eabi/lib/thumb/v7e-m/fpv4-sp/hard/libc_nano.a(lib_a-malloc.o)
 .ARM.attributes
                0x0000000000000a7e       0x34 /home/programs/SW4_stm32/plugins/fr.ac6.mcu.externaltools.arm-none.linux64_1.15.0.201708311556/tools/compiler/bin/../lib/gcc/arm-none-eabi/6.3.1/../../../../arm-none-eabi/lib/thumb/v7e-m/fpv4-sp/hard/libc_nano.a(lib_a-memcpy-stub.o)
 .ARM.attributes
                0x0000000000000ab2       0x34 /home/programs/SW4_stm32/plugins/fr.ac6.mcu.externaltools.arm-none.linux64_1.15.0.201708311556/tools/compiler/bin/../lib/gcc/arm-none-eabi/6.3.1/../../../../arm-none-eabi/lib/thumb/v7e-m/fpv4-sp/hard/libc_nano.a(lib_a-memset.o)
 .ARM.attributes
                0x0000000000000ae6       0x34 /home/programs/SW4_stm32/plugins/fr.ac6.mcu.externaltools.arm-none.linux64_1.15.0.201708311556/tools/compiler/bin/../lib/gcc/arm-none-eabi/6.3.1/../../../../arm-none-eabi/lib/thumb/v7e-m/fpv4-sp/hard/libc_nano.a(lib_a-nano-freer.o)
 .ARM.attributes
                0x0000000000000b1a       0x34 /home/programs/SW4_stm32/plugins/fr.ac6.mcu.externaltools.arm-none.linux64_1.15.0.201708311556/tools/compiler/bin/../lib/gcc/arm-none-eabi/6.3.1/../../../../arm-none-eabi/lib/thumb/v7e-m/fpv4-sp/hard/libc_nano.a(lib_a-nano-mallocr.o)
 .ARM.attributes
                0x0000000000000b4e       0x34 /home/programs/SW4_stm32/plugins/fr.ac6.mcu.externaltools.arm-none.linux64_1.15.0.201708311556/tools/compiler/bin/../lib/gcc/arm-none-eabi/6.3.1/../../../../arm-none-eabi/lib/thumb/v7e-m/fpv4-sp/hard/libc_nano.a(lib_a-sbrkr.o)
 .ARM.attributes
                0x0000000000000b82       0x34 /home/programs/SW4_stm32/plugins/fr.ac6.mcu.externaltools.arm-none.linux64_1.15.0.201708311556/tools/compiler/bin/../lib/gcc/arm-none-eabi/6.3.1/../../../../arm-none-eabi/lib/thumb/v7e-m/fpv4-sp/hard/libc_nano.a(lib_a-sprintf.o)
 .ARM.attributes
                0x0000000000000bb6       0x1b /home/programs/SW4_stm32/plugins/fr.ac6.mcu.externaltools.arm-none.linux64_1.15.0.201708311556/tools/compiler/bin/../lib/gcc/arm-none-eabi/6.3.1/../../../../arm-none-eabi/lib/thumb/v7e-m/fpv4-sp/hard/libc_nano.a(lib_a-strlen.o)
 .ARM.attributes
                0x0000000000000bd1       0x34 /home/programs/SW4_stm32/plugins/fr.ac6.mcu.externaltools.arm-none.linux64_1.15.0.201708311556/tools/compiler/bin/../lib/gcc/arm-none-eabi/6.3.1/../../../../arm-none-eabi/lib/thumb/v7e-m/fpv4-sp/hard/libc_nano.a(lib_a-mlock.o)
 .ARM.attributes
                0x0000000000000c05       0x34 /home/programs/SW4_stm32/plugins/fr.ac6.mcu.externaltools.arm-none.linux64_1.15.0.201708311556/tools/compiler/bin/../lib/gcc/arm-none-eabi/6.3.1/../../../../arm-none-eabi/lib/thumb/v7e-m/fpv4-sp/hard/libc_nano.a(lib_a-nano-svfprintf.o)
 .ARM.attributes
                0x0000000000000c39       0x34 /home/programs/SW4_stm32/plugins/fr.ac6.mcu.externaltools.arm-none.linux64_1.15.0.201708311556/tools/compiler/bin/../lib/gcc/arm-none-eabi/6.3.1/../../../../arm-none-eabi/lib/thumb/v7e-m/fpv4-sp/hard/libc_nano.a(lib_a-nano-vfprintf_i.o)
 .ARM.attributes
                0x0000000000000c6d       0x34 /home/programs/SW4_stm32/plugins/fr.ac6.mcu.externaltools.arm-none.linux64_1.15.0.201708311556/tools/compiler/bin/../lib/gcc/arm-none-eabi/6.3.1/../../../../arm-none-eabi/lib/thumb/v7e-m/fpv4-sp/hard/libc_nano.a(lib_a-reent.o)
 .ARM.attributes
                0x0000000000000ca1       0x20 /home/programs/SW4_stm32/plugins/fr.ac6.mcu.externaltools.arm-none.linux64_1.15.0.201708311556/tools/compiler/bin/../lib/gcc/arm-none-eabi/6.3.1/../../../../arm-none-eabi/lib/thumb/v7e-m/fpv4-sp/hard/libc_nano.a(lib_a-memchr.o)
 .ARM.attributes
                0x0000000000000cc1       0x34 /home/programs/SW4_stm32/plugins/fr.ac6.mcu.externaltools.arm-none.linux64_1.15.0.201708311556/tools/compiler/bin/../lib/gcc/arm-none-eabi/6.3.1/../../../../arm-none-eabi/lib/thumb/v7e-m/fpv4-sp/hard/libc_nano.a(lib_a-memmove.o)
 .ARM.attributes
                0x0000000000000cf5       0x34 /home/programs/SW4_stm32/plugins/fr.ac6.mcu.externaltools.arm-none.linux64_1.15.0.201708311556/tools/compiler/bin/../lib/gcc/arm-none-eabi/6.3.1/../../../../arm-none-eabi/lib/thumb/v7e-m/fpv4-sp/hard/libc_nano.a(lib_a-nano-reallocr.o)
 .ARM.attributes
                0x0000000000000d29       0x34 /home/programs/SW4_stm32/plugins/fr.ac6.mcu.externaltools.arm-none.linux64_1.15.0.201708311556/tools/compiler/bin/../lib/gcc/arm-none-eabi/6.3.1/../../../../arm-none-eabi/lib/thumb/v7e-m/fpv4-sp/hard/libc_nano.a(lib_a-nano-msizer.o)
 .ARM.attributes
                0x0000000000000d5d       0x34 /home/programs/SW4_stm32/plugins/fr.ac6.mcu.externaltools.arm-none.linux64_1.15.0.201708311556/tools/compiler/bin/../lib/gcc/arm-none-eabi/6.3.1/../../../../arm-none-eabi/lib/thumb/v7e-m/fpv4-sp/hard/libnosys.a(sbrk.o)
 .ARM.attributes
                0x0000000000000d91       0x22 /home/programs/SW4_stm32/plugins/fr.ac6.mcu.externaltools.arm-none.linux64_1.15.0.201708311556/tools/compiler/bin/../lib/gcc/arm-none-eabi/6.3.1/thumb/v7e-m/fpv4-sp/hard/crtn.o
OUTPUT(Testbed_V1.elf elf32-littlearm)

.debug_info     0x0000000000000000    0x401a3
 .debug_info    0x0000000000000000     0x274d App/GSBP_Basic.o
 .debug_info    0x000000000000274d     0x14bc App/GSBP_Basic_Config.o
 .debug_info    0x0000000000003c09     0x2df7 App/MAX1119x.o
 .debug_info    0x0000000000006a00     0x171e App/MCU_StateMachine.o
 .debug_info    0x000000000000811e     0x1097 App/TCA9535.o
 .debug_info    0x00000000000091b5     0x246c App/Testbed.o
 .debug_info    0x000000000000b621     0x1222 Drivers/STM32F4xx_HAL_Driver/Src/stm32f4xx_hal.o
 .debug_info    0x000000000000c843     0x174a Drivers/STM32F4xx_HAL_Driver/Src/stm32f4xx_hal_cortex.o
 .debug_info    0x000000000000df8d     0x12f2 Drivers/STM32F4xx_HAL_Driver/Src/stm32f4xx_hal_dma.o
 .debug_info    0x000000000000f27f      0xfea Drivers/STM32F4xx_HAL_Driver/Src/stm32f4xx_hal_gpio.o
 .debug_info    0x0000000000010269     0x4044 Drivers/STM32F4xx_HAL_Driver/Src/stm32f4xx_hal_i2c.o
 .debug_info    0x00000000000142ad     0x1e33 Drivers/STM32F4xx_HAL_Driver/Src/stm32f4xx_hal_pcd.o
 .debug_info    0x00000000000160e0     0x12ac Drivers/STM32F4xx_HAL_Driver/Src/stm32f4xx_hal_pcd_ex.o
 .debug_info    0x000000000001738c     0x1031 Drivers/STM32F4xx_HAL_Driver/Src/stm32f4xx_hal_pwr.o
 .debug_info    0x00000000000183bd     0x12db Drivers/STM32F4xx_HAL_Driver/Src/stm32f4xx_hal_rcc.o
 .debug_info    0x0000000000019698     0x11ce Drivers/STM32F4xx_HAL_Driver/Src/stm32f4xx_hal_rcc_ex.o
 .debug_info    0x000000000001a866     0x29b8 Drivers/STM32F4xx_HAL_Driver/Src/stm32f4xx_hal_spi.o
 .debug_info    0x000000000001d21e     0x42bc Drivers/STM32F4xx_HAL_Driver/Src/stm32f4xx_hal_tim.o
 .debug_info    0x00000000000214da     0x1bd1 Drivers/STM32F4xx_HAL_Driver/Src/stm32f4xx_hal_tim_ex.o
 .debug_info    0x00000000000230ab     0x1fad Drivers/STM32F4xx_HAL_Driver/Src/stm32f4xx_hal_uart.o
 .debug_info    0x0000000000025058     0x2229 Drivers/STM32F4xx_HAL_Driver/Src/stm32f4xx_ll_usb.o
 .debug_info    0x0000000000027281     0x158f Middlewares/ST/STM32_USB_Device_Library/Class/CDC/Src/usbd_cdc.o
 .debug_info    0x0000000000028810     0x1496 Middlewares/ST/STM32_USB_Device_Library/Core/Src/usbd_core.o
 .debug_info    0x0000000000029ca6     0x1639 Middlewares/ST/STM32_USB_Device_Library/Core/Src/usbd_ctlreq.o
 .debug_info    0x000000000002b2df      0xfe5 Middlewares/ST/STM32_USB_Device_Library/Core/Src/usbd_ioreq.o
 .debug_info    0x000000000002c2c4      0xe13 Src/dma.o
 .debug_info    0x000000000002d0d7     0x10fb Src/gpio.o
 .debug_info    0x000000000002e1d2     0x1428 Src/i2c.o
 .debug_info    0x000000000002f5fa     0x302a Src/main.o
 .debug_info    0x0000000000032624     0x1730 Src/spi.o
 .debug_info    0x0000000000033d54      0xe87 Src/stm32f4xx_hal_msp.o
 .debug_info    0x0000000000034bdb     0x26df Src/stm32f4xx_it.o
 .debug_info    0x00000000000372ba      0xd64 Src/system_stm32f4xx.o